[2025-05-27T17:52:09.140Z] ReferenceError: Cannot access 'stream' before initialization
    at Object.start (/home/halp/zoron/src/routes/api/admin/logs/stream/+server.ts:26:7)
    at setupReadableStreamDefaultController (node:internal/webstreams/readablestream:2464:23)
    at setupReadableStreamDefaultControllerFromSource (node:internal/webstreams/readablestream:2496:3)
    at new ReadableStream (node:internal/webstreams/readablestream:279:7)
    at GET (/home/halp/zoron/src/routes/api/admin/logs/stream/+server.ts:17:18)
    at process.processTicksAndRejections (node:internal/process/task_queues:105:5)
    at async Module.render_endpoint (/home/halp/zoron/node_modules/@sveltejs/kit/src/runtime/server/endpoint.js:44:20)
    at async resolve (/home/halp/zoron/node_modules/@sveltejs/kit/src/runtime/server/respond.js:494:17)
    at async Object.handle (/home/halp/zoron/src/hooks.server.ts:60:10)
    at async Module.respond (/home/halp/zoron/node_modules/@sveltejs/kit/src/runtime/server/respond.js:363:20)
[2025-05-27T17:54:04.263Z] Error: Transform failed with 1 error:
/home/halp/zoron/src/routes/api/admin/logs/stream/+server.ts:17:1: ERROR: Unexpected "export"
    at failureErrorWithLog (/home/halp/zoron/node_modules/vite/node_modules/esbuild/lib/main.js:1472:15)
    at /home/halp/zoron/node_modules/vite/node_modules/esbuild/lib/main.js:755:50
    at responseCallbacks.<computed> (/home/halp/zoron/node_modules/vite/node_modules/esbuild/lib/main.js:622:9)
    at handleIncomingPacket (/home/halp/zoron/node_modules/vite/node_modules/esbuild/lib/main.js:677:12)
    at Socket.readFromStdout (/home/halp/zoron/node_modules/vite/node_modules/esbuild/lib/main.js:600:7)
    at Socket.emit (node:events:507:28)
    at addChunk (node:internal/streams/readable:559:12)
    at readableAddChunkPushByteMode (node:internal/streams/readable:510:3)
    at Readable.push (node:internal/streams/readable:390:5)
    at Pipe.onStreamRead (node:internal/stream_base_commons:189:23)
[2025-05-27T17:54:07.776Z] Error: Transform failed with 1 error:
/home/halp/zoron/src/routes/api/admin/logs/stream/+server.ts:17:1: ERROR: Unexpected "export"
    at failureErrorWithLog (/home/halp/zoron/node_modules/vite/node_modules/esbuild/lib/main.js:1472:15)
    at /home/halp/zoron/node_modules/vite/node_modules/esbuild/lib/main.js:755:50
    at responseCallbacks.<computed> (/home/halp/zoron/node_modules/vite/node_modules/esbuild/lib/main.js:622:9)
    at handleIncomingPacket (/home/halp/zoron/node_modules/vite/node_modules/esbuild/lib/main.js:677:12)
    at Socket.readFromStdout (/home/halp/zoron/node_modules/vite/node_modules/esbuild/lib/main.js:600:7)
    at Socket.emit (node:events:507:28)
    at addChunk (node:internal/streams/readable:559:12)
    at readableAddChunkPushByteMode (node:internal/streams/readable:510:3)
    at Readable.push (node:internal/streams/readable:390:5)
    at Pipe.onStreamRead (node:internal/stream_base_commons:189:23)
[2025-05-27T17:54:13.755Z] ReferenceError: Cannot access 'stream' before initialization
    at Object.start (/home/halp/zoron/src/routes/api/admin/logs/stream/+server.ts:27:7)
    at setupReadableStreamDefaultController (node:internal/webstreams/readablestream:2464:23)
    at setupReadableStreamDefaultControllerFromSource (node:internal/webstreams/readablestream:2496:3)
    at new ReadableStream (node:internal/webstreams/readablestream:279:7)
    at GET (/home/halp/zoron/src/routes/api/admin/logs/stream/+server.ts:18:18)
    at process.processTicksAndRejections (node:internal/process/task_queues:105:5)
    at async Module.render_endpoint (/home/halp/zoron/node_modules/@sveltejs/kit/src/runtime/server/endpoint.js:44:20)
    at async resolve (/home/halp/zoron/node_modules/@sveltejs/kit/src/runtime/server/respond.js:494:17)
    at async Object.handle (/home/halp/zoron/src/hooks.server.ts:60:10)
    at async Module.respond (/home/halp/zoron/node_modules/@sveltejs/kit/src/runtime/server/respond.js:363:20)
[2025-05-27T17:54:25.706Z] ReferenceError: Cannot access 'stream' before initialization
    at Object.start (/home/halp/zoron/src/routes/api/admin/logs/stream/+server.ts:26:7)
    at setupReadableStreamDefaultController (node:internal/webstreams/readablestream:2464:23)
    at setupReadableStreamDefaultControllerFromSource (node:internal/webstreams/readablestream:2496:3)
    at new ReadableStream (node:internal/webstreams/readablestream:279:7)
    at GET (/home/halp/zoron/src/routes/api/admin/logs/stream/+server.ts:17:18)
    at process.processTicksAndRejections (node:internal/process/task_queues:105:5)
    at async Module.render_endpoint (/home/halp/zoron/node_modules/@sveltejs/kit/src/runtime/server/endpoint.js:44:20)
    at async resolve (/home/halp/zoron/node_modules/@sveltejs/kit/src/runtime/server/respond.js:494:17)
    at async Object.handle (/home/halp/zoron/src/hooks.server.ts:60:10)
    at async Module.respond (/home/halp/zoron/node_modules/@sveltejs/kit/src/runtime/server/respond.js:363:20)
[2025-05-27T17:54:40.009Z] Error: Transform failed with 1 error:
/home/halp/zoron/src/routes/api/admin/logs/stream/+server.ts:19:17: ERROR: Unexpected ")"
    at failureErrorWithLog (/home/halp/zoron/node_modules/vite/node_modules/esbuild/lib/main.js:1472:15)
    at /home/halp/zoron/node_modules/vite/node_modules/esbuild/lib/main.js:755:50
    at responseCallbacks.<computed> (/home/halp/zoron/node_modules/vite/node_modules/esbuild/lib/main.js:622:9)
    at handleIncomingPacket (/home/halp/zoron/node_modules/vite/node_modules/esbuild/lib/main.js:677:12)
    at Socket.readFromStdout (/home/halp/zoron/node_modules/vite/node_modules/esbuild/lib/main.js:600:7)
    at Socket.emit (node:events:507:28)
    at addChunk (node:internal/streams/readable:559:12)
    at readableAddChunkPushByteMode (node:internal/streams/readable:510:3)
    at Readable.push (node:internal/streams/readable:390:5)
    at Pipe.onStreamRead (node:internal/stream_base_commons:189:23)
[2025-05-27T17:54:42.889Z] Error: Transform failed with 1 error:
/home/halp/zoron/src/routes/api/admin/logs/stream/+server.ts:19:17: ERROR: Unexpected ")"
    at failureErrorWithLog (/home/halp/zoron/node_modules/vite/node_modules/esbuild/lib/main.js:1472:15)
    at /home/halp/zoron/node_modules/vite/node_modules/esbuild/lib/main.js:755:50
    at responseCallbacks.<computed> (/home/halp/zoron/node_modules/vite/node_modules/esbuild/lib/main.js:622:9)
    at handleIncomingPacket (/home/halp/zoron/node_modules/vite/node_modules/esbuild/lib/main.js:677:12)
    at Socket.readFromStdout (/home/halp/zoron/node_modules/vite/node_modules/esbuild/lib/main.js:600:7)
    at Socket.emit (node:events:507:28)
    at addChunk (node:internal/streams/readable:559:12)
    at readableAddChunkPushByteMode (node:internal/streams/readable:510:3)
    at Readable.push (node:internal/streams/readable:390:5)
    at Pipe.onStreamRead (node:internal/stream_base_commons:189:23)
[2025-05-27T17:59:05.640Z] Error: Not found: /404
    at resolve (/home/halp/zoron/node_modules/@sveltejs/kit/src/runtime/server/respond.js:582:13)
    at /home/halp/zoron/node_modules/@sveltejs/kit/src/runtime/server/respond.js:370:7
    at AsyncLocalStorage.run (node:internal/async_local_storage/async_hooks:91:14)
    at Module.with_event (/home/halp/zoron/node_modules/@sveltejs/kit/src/runtime/app/server/event.js:49:20)
    at resolve (/home/halp/zoron/node_modules/@sveltejs/kit/src/runtime/server/respond.js:369:6)
    at Module.handle (/home/halp/zoron/node_modules/@auth/sveltekit/dist/index.js:343:20)
    at Object.handle (/home/halp/zoron/src/hooks.server.ts:60:16)
    at /home/halp/zoron/node_modules/@sveltejs/kit/src/runtime/server/respond.js:364:18
    at AsyncLocalStorage.run (node:internal/async_local_storage/async_hooks:91:14)
    at Module.with_event (/home/halp/zoron/node_modules/@sveltejs/kit/src/runtime/app/server/event.js:49:20)
[2025-05-27T17:59:13.831Z] Error: Not found: /404
    at resolve (/home/halp/zoron/node_modules/@sveltejs/kit/src/runtime/server/respond.js:582:13)
    at /home/halp/zoron/node_modules/@sveltejs/kit/src/runtime/server/respond.js:370:7
    at AsyncLocalStorage.run (node:internal/async_local_storage/async_hooks:91:14)
    at Module.with_event (/home/halp/zoron/node_modules/@sveltejs/kit/src/runtime/app/server/event.js:49:20)
    at resolve (/home/halp/zoron/node_modules/@sveltejs/kit/src/runtime/server/respond.js:369:6)
    at Module.handle (/home/halp/zoron/node_modules/@auth/sveltekit/dist/index.js:343:20)
    at Object.handle (/home/halp/zoron/src/hooks.server.ts:60:16)
    at /home/halp/zoron/node_modules/@sveltejs/kit/src/runtime/server/respond.js:364:18
    at AsyncLocalStorage.run (node:internal/async_local_storage/async_hooks:91:14)
    at Module.with_event (/home/halp/zoron/node_modules/@sveltejs/kit/src/runtime/app/server/event.js:49:20)
[2025-05-27T17:59:16.534Z] Error: Not found: /404
    at resolve (/home/halp/zoron/node_modules/@sveltejs/kit/src/runtime/server/respond.js:582:13)
    at /home/halp/zoron/node_modules/@sveltejs/kit/src/runtime/server/respond.js:370:7
    at AsyncLocalStorage.run (node:internal/async_local_storage/async_hooks:91:14)
    at Module.with_event (/home/halp/zoron/node_modules/@sveltejs/kit/src/runtime/app/server/event.js:49:20)
    at resolve (/home/halp/zoron/node_modules/@sveltejs/kit/src/runtime/server/respond.js:369:6)
    at Module.handle (/home/halp/zoron/node_modules/@auth/sveltekit/dist/index.js:343:20)
    at Object.handle (/home/halp/zoron/src/hooks.server.ts:60:16)
    at /home/halp/zoron/node_modules/@sveltejs/kit/src/runtime/server/respond.js:364:18
    at AsyncLocalStorage.run (node:internal/async_local_storage/async_hooks:91:14)
    at Module.with_event (/home/halp/zoron/node_modules/@sveltejs/kit/src/runtime/app/server/event.js:49:20)
[2025-05-27T17:59:57.845Z] Error: Not found: /404
    at resolve (/home/halp/zoron/node_modules/@sveltejs/kit/src/runtime/server/respond.js:582:13)
    at /home/halp/zoron/node_modules/@sveltejs/kit/src/runtime/server/respond.js:370:7
    at AsyncLocalStorage.run (node:internal/async_local_storage/async_hooks:91:14)
    at Module.with_event (/home/halp/zoron/node_modules/@sveltejs/kit/src/runtime/app/server/event.js:49:20)
    at resolve (/home/halp/zoron/node_modules/@sveltejs/kit/src/runtime/server/respond.js:369:6)
    at Module.handle (/home/halp/zoron/node_modules/@auth/sveltekit/dist/index.js:343:20)
    at Object.handle (/home/halp/zoron/src/hooks.server.ts:60:16)
    at /home/halp/zoron/node_modules/@sveltejs/kit/src/runtime/server/respond.js:364:18
    at AsyncLocalStorage.run (node:internal/async_local_storage/async_hooks:91:14)
    at Module.with_event (/home/halp/zoron/node_modules/@sveltejs/kit/src/runtime/app/server/event.js:49:20)
[2025-05-27T18:00:04.299Z] Error: Not found: /404
    at resolve (/home/halp/zoron/node_modules/@sveltejs/kit/src/runtime/server/respond.js:582:13)
    at /home/halp/zoron/node_modules/@sveltejs/kit/src/runtime/server/respond.js:370:7
    at AsyncLocalStorage.run (node:internal/async_local_storage/async_hooks:91:14)
    at Module.with_event (/home/halp/zoron/node_modules/@sveltejs/kit/src/runtime/app/server/event.js:49:20)
    at resolve (/home/halp/zoron/node_modules/@sveltejs/kit/src/runtime/server/respond.js:369:6)
    at Module.handle (/home/halp/zoron/node_modules/@auth/sveltekit/dist/index.js:343:20)
    at Object.handle (/home/halp/zoron/src/hooks.server.ts:60:16)
    at /home/halp/zoron/node_modules/@sveltejs/kit/src/runtime/server/respond.js:364:18
    at AsyncLocalStorage.run (node:internal/async_local_storage/async_hooks:91:14)
    at Module.with_event (/home/halp/zoron/node_modules/@sveltejs/kit/src/runtime/app/server/event.js:49:20)
[2025-05-27T18:00:25.426Z] Error: Not found: /404
    at resolve (/home/halp/zoron/node_modules/@sveltejs/kit/src/runtime/server/respond.js:582:13)
    at /home/halp/zoron/node_modules/@sveltejs/kit/src/runtime/server/respond.js:370:7
    at AsyncLocalStorage.run (node:internal/async_local_storage/async_hooks:91:14)
    at Module.with_event (/home/halp/zoron/node_modules/@sveltejs/kit/src/runtime/app/server/event.js:49:20)
    at resolve (/home/halp/zoron/node_modules/@sveltejs/kit/src/runtime/server/respond.js:369:6)
    at Module.handle (/home/halp/zoron/node_modules/@auth/sveltekit/dist/index.js:343:20)
    at Object.handle (/home/halp/zoron/src/hooks.server.ts:60:16)
    at /home/halp/zoron/node_modules/@sveltejs/kit/src/runtime/server/respond.js:364:18
    at AsyncLocalStorage.run (node:internal/async_local_storage/async_hooks:91:14)
    at Module.with_event (/home/halp/zoron/node_modules/@sveltejs/kit/src/runtime/app/server/event.js:49:20)
[2025-05-27T18:00:26.069Z] Error: Not found: /404
    at resolve (/home/halp/zoron/node_modules/@sveltejs/kit/src/runtime/server/respond.js:582:13)
    at /home/halp/zoron/node_modules/@sveltejs/kit/src/runtime/server/respond.js:370:7
    at AsyncLocalStorage.run (node:internal/async_local_storage/async_hooks:91:14)
    at Module.with_event (/home/halp/zoron/node_modules/@sveltejs/kit/src/runtime/app/server/event.js:49:20)
    at resolve (/home/halp/zoron/node_modules/@sveltejs/kit/src/runtime/server/respond.js:369:6)
    at Module.handle (/home/halp/zoron/node_modules/@auth/sveltekit/dist/index.js:343:20)
    at Object.handle (/home/halp/zoron/src/hooks.server.ts:60:16)
    at /home/halp/zoron/node_modules/@sveltejs/kit/src/runtime/server/respond.js:364:18
    at AsyncLocalStorage.run (node:internal/async_local_storage/async_hooks:91:14)
    at Module.with_event (/home/halp/zoron/node_modules/@sveltejs/kit/src/runtime/app/server/event.js:49:20)
[2025-05-27T18:00:26.645Z] Error: Not found: /404
    at resolve (/home/halp/zoron/node_modules/@sveltejs/kit/src/runtime/server/respond.js:582:13)
    at /home/halp/zoron/node_modules/@sveltejs/kit/src/runtime/server/respond.js:370:7
    at AsyncLocalStorage.run (node:internal/async_local_storage/async_hooks:91:14)
    at Module.with_event (/home/halp/zoron/node_modules/@sveltejs/kit/src/runtime/app/server/event.js:49:20)
    at resolve (/home/halp/zoron/node_modules/@sveltejs/kit/src/runtime/server/respond.js:369:6)
    at Module.handle (/home/halp/zoron/node_modules/@auth/sveltekit/dist/index.js:343:20)
    at Object.handle (/home/halp/zoron/src/hooks.server.ts:60:16)
    at /home/halp/zoron/node_modules/@sveltejs/kit/src/runtime/server/respond.js:364:18
    at AsyncLocalStorage.run (node:internal/async_local_storage/async_hooks:91:14)
    at Module.with_event (/home/halp/zoron/node_modules/@sveltejs/kit/src/runtime/app/server/event.js:49:20)
[2025-05-27T18:00:27.180Z] Error: Not found: /404
    at resolve (/home/halp/zoron/node_modules/@sveltejs/kit/src/runtime/server/respond.js:582:13)
    at /home/halp/zoron/node_modules/@sveltejs/kit/src/runtime/server/respond.js:370:7
    at AsyncLocalStorage.run (node:internal/async_local_storage/async_hooks:91:14)
    at Module.with_event (/home/halp/zoron/node_modules/@sveltejs/kit/src/runtime/app/server/event.js:49:20)
    at resolve (/home/halp/zoron/node_modules/@sveltejs/kit/src/runtime/server/respond.js:369:6)
    at Module.handle (/home/halp/zoron/node_modules/@auth/sveltekit/dist/index.js:343:20)
    at Object.handle (/home/halp/zoron/src/hooks.server.ts:60:16)
    at /home/halp/zoron/node_modules/@sveltejs/kit/src/runtime/server/respond.js:364:18
    at AsyncLocalStorage.run (node:internal/async_local_storage/async_hooks:91:14)
    at Module.with_event (/home/halp/zoron/node_modules/@sveltejs/kit/src/runtime/app/server/event.js:49:20)
[2025-05-27T18:00:27.321Z] Error: Not found: /404
    at resolve (/home/halp/zoron/node_modules/@sveltejs/kit/src/runtime/server/respond.js:582:13)
    at /home/halp/zoron/node_modules/@sveltejs/kit/src/runtime/server/respond.js:370:7
    at AsyncLocalStorage.run (node:internal/async_local_storage/async_hooks:91:14)
    at Module.with_event (/home/halp/zoron/node_modules/@sveltejs/kit/src/runtime/app/server/event.js:49:20)
    at resolve (/home/halp/zoron/node_modules/@sveltejs/kit/src/runtime/server/respond.js:369:6)
    at Module.handle (/home/halp/zoron/node_modules/@auth/sveltekit/dist/index.js:343:20)
    at Object.handle (/home/halp/zoron/src/hooks.server.ts:60:16)
    at /home/halp/zoron/node_modules/@sveltejs/kit/src/runtime/server/respond.js:364:18
    at AsyncLocalStorage.run (node:internal/async_local_storage/async_hooks:91:14)
    at Module.with_event (/home/halp/zoron/node_modules/@sveltejs/kit/src/runtime/app/server/event.js:49:20)
[2025-05-27T18:00:27.498Z] Error: Not found: /404
    at resolve (/home/halp/zoron/node_modules/@sveltejs/kit/src/runtime/server/respond.js:582:13)
    at /home/halp/zoron/node_modules/@sveltejs/kit/src/runtime/server/respond.js:370:7
    at AsyncLocalStorage.run (node:internal/async_local_storage/async_hooks:91:14)
    at Module.with_event (/home/halp/zoron/node_modules/@sveltejs/kit/src/runtime/app/server/event.js:49:20)
    at resolve (/home/halp/zoron/node_modules/@sveltejs/kit/src/runtime/server/respond.js:369:6)
    at Module.handle (/home/halp/zoron/node_modules/@auth/sveltekit/dist/index.js:343:20)
    at Object.handle (/home/halp/zoron/src/hooks.server.ts:60:16)
    at /home/halp/zoron/node_modules/@sveltejs/kit/src/runtime/server/respond.js:364:18
    at AsyncLocalStorage.run (node:internal/async_local_storage/async_hooks:91:14)
    at Module.with_event (/home/halp/zoron/node_modules/@sveltejs/kit/src/runtime/app/server/event.js:49:20)
[2025-05-27T18:00:27.674Z] Error: Not found: /404
    at resolve (/home/halp/zoron/node_modules/@sveltejs/kit/src/runtime/server/respond.js:582:13)
    at /home/halp/zoron/node_modules/@sveltejs/kit/src/runtime/server/respond.js:370:7
    at AsyncLocalStorage.run (node:internal/async_local_storage/async_hooks:91:14)
    at Module.with_event (/home/halp/zoron/node_modules/@sveltejs/kit/src/runtime/app/server/event.js:49:20)
    at resolve (/home/halp/zoron/node_modules/@sveltejs/kit/src/runtime/server/respond.js:369:6)
    at Module.handle (/home/halp/zoron/node_modules/@auth/sveltekit/dist/index.js:343:20)
    at Object.handle (/home/halp/zoron/src/hooks.server.ts:60:16)
    at /home/halp/zoron/node_modules/@sveltejs/kit/src/runtime/server/respond.js:364:18
    at AsyncLocalStorage.run (node:internal/async_local_storage/async_hooks:91:14)
    at Module.with_event (/home/halp/zoron/node_modules/@sveltejs/kit/src/runtime/app/server/event.js:49:20)
[2025-05-27T18:00:27.817Z] Error: Not found: /404
    at resolve (/home/halp/zoron/node_modules/@sveltejs/kit/src/runtime/server/respond.js:582:13)
    at /home/halp/zoron/node_modules/@sveltejs/kit/src/runtime/server/respond.js:370:7
    at AsyncLocalStorage.run (node:internal/async_local_storage/async_hooks:91:14)
    at Module.with_event (/home/halp/zoron/node_modules/@sveltejs/kit/src/runtime/app/server/event.js:49:20)
    at resolve (/home/halp/zoron/node_modules/@sveltejs/kit/src/runtime/server/respond.js:369:6)
    at Module.handle (/home/halp/zoron/node_modules/@auth/sveltekit/dist/index.js:343:20)
    at Object.handle (/home/halp/zoron/src/hooks.server.ts:60:16)
    at /home/halp/zoron/node_modules/@sveltejs/kit/src/runtime/server/respond.js:364:18
    at AsyncLocalStorage.run (node:internal/async_local_storage/async_hooks:91:14)
    at Module.with_event (/home/halp/zoron/node_modules/@sveltejs/kit/src/runtime/app/server/event.js:49:20)
[2025-05-27T18:00:27.959Z] Error: Not found: /404
    at resolve (/home/halp/zoron/node_modules/@sveltejs/kit/src/runtime/server/respond.js:582:13)
    at /home/halp/zoron/node_modules/@sveltejs/kit/src/runtime/server/respond.js:370:7
    at AsyncLocalStorage.run (node:internal/async_local_storage/async_hooks:91:14)
    at Module.with_event (/home/halp/zoron/node_modules/@sveltejs/kit/src/runtime/app/server/event.js:49:20)
    at resolve (/home/halp/zoron/node_modules/@sveltejs/kit/src/runtime/server/respond.js:369:6)
    at Module.handle (/home/halp/zoron/node_modules/@auth/sveltekit/dist/index.js:343:20)
    at Object.handle (/home/halp/zoron/src/hooks.server.ts:60:16)
    at /home/halp/zoron/node_modules/@sveltejs/kit/src/runtime/server/respond.js:364:18
    at AsyncLocalStorage.run (node:internal/async_local_storage/async_hooks:91:14)
    at Module.with_event (/home/halp/zoron/node_modules/@sveltejs/kit/src/runtime/app/server/event.js:49:20)
[2025-05-27T18:00:28.198Z] Error: Not found: /404
    at resolve (/home/halp/zoron/node_modules/@sveltejs/kit/src/runtime/server/respond.js:582:13)
    at /home/halp/zoron/node_modules/@sveltejs/kit/src/runtime/server/respond.js:370:7
    at AsyncLocalStorage.run (node:internal/async_local_storage/async_hooks:91:14)
    at Module.with_event (/home/halp/zoron/node_modules/@sveltejs/kit/src/runtime/app/server/event.js:49:20)
    at resolve (/home/halp/zoron/node_modules/@sveltejs/kit/src/runtime/server/respond.js:369:6)
    at Module.handle (/home/halp/zoron/node_modules/@auth/sveltekit/dist/index.js:343:20)
    at Object.handle (/home/halp/zoron/src/hooks.server.ts:60:16)
    at /home/halp/zoron/node_modules/@sveltejs/kit/src/runtime/server/respond.js:364:18
    at AsyncLocalStorage.run (node:internal/async_local_storage/async_hooks:91:14)
    at Module.with_event (/home/halp/zoron/node_modules/@sveltejs/kit/src/runtime/app/server/event.js:49:20)
[2025-05-27T18:01:04.734Z] Error: Not found: /404
    at resolve (/home/halp/zoron/node_modules/@sveltejs/kit/src/runtime/server/respond.js:582:13)
    at /home/halp/zoron/node_modules/@sveltejs/kit/src/runtime/server/respond.js:370:7
    at AsyncLocalStorage.run (node:internal/async_local_storage/async_hooks:91:14)
    at Module.with_event (/home/halp/zoron/node_modules/@sveltejs/kit/src/runtime/app/server/event.js:49:20)
    at resolve (/home/halp/zoron/node_modules/@sveltejs/kit/src/runtime/server/respond.js:369:6)
    at Module.handle (/home/halp/zoron/node_modules/@auth/sveltekit/dist/index.js:343:20)
    at Object.handle (/home/halp/zoron/src/hooks.server.ts:60:16)
    at /home/halp/zoron/node_modules/@sveltejs/kit/src/runtime/server/respond.js:364:18
    at AsyncLocalStorage.run (node:internal/async_local_storage/async_hooks:91:14)
    at Module.with_event (/home/halp/zoron/node_modules/@sveltejs/kit/src/runtime/app/server/event.js:49:20)
[2025-05-27T18:01:08.602Z] Error: Not found: /404
    at resolve (/home/halp/zoron/node_modules/@sveltejs/kit/src/runtime/server/respond.js:582:13)
    at /home/halp/zoron/node_modules/@sveltejs/kit/src/runtime/server/respond.js:370:7
    at AsyncLocalStorage.run (node:internal/async_local_storage/async_hooks:91:14)
    at Module.with_event (/home/halp/zoron/node_modules/@sveltejs/kit/src/runtime/app/server/event.js:49:20)
    at resolve (/home/halp/zoron/node_modules/@sveltejs/kit/src/runtime/server/respond.js:369:6)
    at Module.handle (/home/halp/zoron/node_modules/@auth/sveltekit/dist/index.js:343:20)
    at Object.handle (/home/halp/zoron/src/hooks.server.ts:60:16)
    at /home/halp/zoron/node_modules/@sveltejs/kit/src/runtime/server/respond.js:364:18
    at AsyncLocalStorage.run (node:internal/async_local_storage/async_hooks:91:14)
    at Module.with_event (/home/halp/zoron/node_modules/@sveltejs/kit/src/runtime/app/server/event.js:49:20)
[2025-05-27T18:01:14.577Z] Error: Not found: /404
    at resolve (/home/halp/zoron/node_modules/@sveltejs/kit/src/runtime/server/respond.js:582:13)
    at /home/halp/zoron/node_modules/@sveltejs/kit/src/runtime/server/respond.js:370:7
    at AsyncLocalStorage.run (node:internal/async_local_storage/async_hooks:91:14)
    at Module.with_event (/home/halp/zoron/node_modules/@sveltejs/kit/src/runtime/app/server/event.js:49:20)
    at resolve (/home/halp/zoron/node_modules/@sveltejs/kit/src/runtime/server/respond.js:369:6)
    at Module.handle (/home/halp/zoron/node_modules/@auth/sveltekit/dist/index.js:343:20)
    at Object.handle (/home/halp/zoron/src/hooks.server.ts:60:16)
    at /home/halp/zoron/node_modules/@sveltejs/kit/src/runtime/server/respond.js:364:18
    at AsyncLocalStorage.run (node:internal/async_local_storage/async_hooks:91:14)
    at Module.with_event (/home/halp/zoron/node_modules/@sveltejs/kit/src/runtime/app/server/event.js:49:20)
[2025-05-27T18:01:24.734Z] Error: Not found: /404
    at resolve (/home/halp/zoron/node_modules/@sveltejs/kit/src/runtime/server/respond.js:582:13)
    at /home/halp/zoron/node_modules/@sveltejs/kit/src/runtime/server/respond.js:370:7
    at AsyncLocalStorage.run (node:internal/async_local_storage/async_hooks:91:14)
    at Module.with_event (/home/halp/zoron/node_modules/@sveltejs/kit/src/runtime/app/server/event.js:49:20)
    at resolve (/home/halp/zoron/node_modules/@sveltejs/kit/src/runtime/server/respond.js:369:6)
    at Module.handle (/home/halp/zoron/node_modules/@auth/sveltekit/dist/index.js:343:20)
    at Object.handle (/home/halp/zoron/src/hooks.server.ts:60:16)
    at /home/halp/zoron/node_modules/@sveltejs/kit/src/runtime/server/respond.js:364:18
    at AsyncLocalStorage.run (node:internal/async_local_storage/async_hooks:91:14)
    at Module.with_event (/home/halp/zoron/node_modules/@sveltejs/kit/src/runtime/app/server/event.js:49:20)
[2025-05-27T18:01:26.123Z] Error: Not found: /404
    at resolve (/home/halp/zoron/node_modules/@sveltejs/kit/src/runtime/server/respond.js:582:13)
    at /home/halp/zoron/node_modules/@sveltejs/kit/src/runtime/server/respond.js:370:7
    at AsyncLocalStorage.run (node:internal/async_local_storage/async_hooks:91:14)
    at Module.with_event (/home/halp/zoron/node_modules/@sveltejs/kit/src/runtime/app/server/event.js:49:20)
    at resolve (/home/halp/zoron/node_modules/@sveltejs/kit/src/runtime/server/respond.js:369:6)
    at Module.handle (/home/halp/zoron/node_modules/@auth/sveltekit/dist/index.js:343:20)
    at Object.handle (/home/halp/zoron/src/hooks.server.ts:60:16)
    at /home/halp/zoron/node_modules/@sveltejs/kit/src/runtime/server/respond.js:364:18
    at AsyncLocalStorage.run (node:internal/async_local_storage/async_hooks:91:14)
    at Module.with_event (/home/halp/zoron/node_modules/@sveltejs/kit/src/runtime/app/server/event.js:49:20)
[2025-05-27T18:01:31.163Z] Error: Not found: /404
    at resolve (/home/halp/zoron/node_modules/@sveltejs/kit/src/runtime/server/respond.js:582:13)
    at /home/halp/zoron/node_modules/@sveltejs/kit/src/runtime/server/respond.js:370:7
    at AsyncLocalStorage.run (node:internal/async_local_storage/async_hooks:91:14)
    at Module.with_event (/home/halp/zoron/node_modules/@sveltejs/kit/src/runtime/app/server/event.js:49:20)
    at resolve (/home/halp/zoron/node_modules/@sveltejs/kit/src/runtime/server/respond.js:369:6)
    at Module.handle (/home/halp/zoron/node_modules/@auth/sveltekit/dist/index.js:343:20)
    at Object.handle (/home/halp/zoron/src/hooks.server.ts:60:16)
    at /home/halp/zoron/node_modules/@sveltejs/kit/src/runtime/server/respond.js:364:18
    at AsyncLocalStorage.run (node:internal/async_local_storage/async_hooks:91:14)
    at Module.with_event (/home/halp/zoron/node_modules/@sveltejs/kit/src/runtime/app/server/event.js:49:20)
[2025-05-27T18:01:34.435Z] Error: Not found: /404
    at resolve (/home/halp/zoron/node_modules/@sveltejs/kit/src/runtime/server/respond.js:582:13)
    at /home/halp/zoron/node_modules/@sveltejs/kit/src/runtime/server/respond.js:370:7
    at AsyncLocalStorage.run (node:internal/async_local_storage/async_hooks:91:14)
    at Module.with_event (/home/halp/zoron/node_modules/@sveltejs/kit/src/runtime/app/server/event.js:49:20)
    at resolve (/home/halp/zoron/node_modules/@sveltejs/kit/src/runtime/server/respond.js:369:6)
    at Module.handle (/home/halp/zoron/node_modules/@auth/sveltekit/dist/index.js:343:20)
    at Object.handle (/home/halp/zoron/src/hooks.server.ts:60:16)
    at /home/halp/zoron/node_modules/@sveltejs/kit/src/runtime/server/respond.js:364:18
    at AsyncLocalStorage.run (node:internal/async_local_storage/async_hooks:91:14)
    at Module.with_event (/home/halp/zoron/node_modules/@sveltejs/kit/src/runtime/app/server/event.js:49:20)
[2025-05-27T18:01:37.820Z] Error: Not found: /404
    at resolve (/home/halp/zoron/node_modules/@sveltejs/kit/src/runtime/server/respond.js:582:13)
    at /home/halp/zoron/node_modules/@sveltejs/kit/src/runtime/server/respond.js:370:7
    at AsyncLocalStorage.run (node:internal/async_local_storage/async_hooks:91:14)
    at Module.with_event (/home/halp/zoron/node_modules/@sveltejs/kit/src/runtime/app/server/event.js:49:20)
    at resolve (/home/halp/zoron/node_modules/@sveltejs/kit/src/runtime/server/respond.js:369:6)
    at Module.handle (/home/halp/zoron/node_modules/@auth/sveltekit/dist/index.js:343:20)
    at Object.handle (/home/halp/zoron/src/hooks.server.ts:60:16)
    at /home/halp/zoron/node_modules/@sveltejs/kit/src/runtime/server/respond.js:364:18
    at AsyncLocalStorage.run (node:internal/async_local_storage/async_hooks:91:14)
    at Module.with_event (/home/halp/zoron/node_modules/@sveltejs/kit/src/runtime/app/server/event.js:49:20)
[2025-05-27T18:01:40.080Z] Error: Not found: /404
    at resolve (/home/halp/zoron/node_modules/@sveltejs/kit/src/runtime/server/respond.js:582:13)
    at /home/halp/zoron/node_modules/@sveltejs/kit/src/runtime/server/respond.js:370:7
    at AsyncLocalStorage.run (node:internal/async_local_storage/async_hooks:91:14)
    at Module.with_event (/home/halp/zoron/node_modules/@sveltejs/kit/src/runtime/app/server/event.js:49:20)
    at resolve (/home/halp/zoron/node_modules/@sveltejs/kit/src/runtime/server/respond.js:369:6)
    at Module.handle (/home/halp/zoron/node_modules/@auth/sveltekit/dist/index.js:343:20)
    at Object.handle (/home/halp/zoron/src/hooks.server.ts:60:16)
    at /home/halp/zoron/node_modules/@sveltejs/kit/src/runtime/server/respond.js:364:18
    at AsyncLocalStorage.run (node:internal/async_local_storage/async_hooks:91:14)
    at Module.with_event (/home/halp/zoron/node_modules/@sveltejs/kit/src/runtime/app/server/event.js:49:20)
[2025-05-27T18:02:00.770Z] Error: Not found: /404
    at resolve (/home/halp/zoron/node_modules/@sveltejs/kit/src/runtime/server/respond.js:582:13)
    at /home/halp/zoron/node_modules/@sveltejs/kit/src/runtime/server/respond.js:370:7
    at AsyncLocalStorage.run (node:internal/async_local_storage/async_hooks:91:14)
    at Module.with_event (/home/halp/zoron/node_modules/@sveltejs/kit/src/runtime/app/server/event.js:49:20)
    at resolve (/home/halp/zoron/node_modules/@sveltejs/kit/src/runtime/server/respond.js:369:6)
    at Module.handle (/home/halp/zoron/node_modules/@auth/sveltekit/dist/index.js:343:20)
    at Object.handle (/home/halp/zoron/src/hooks.server.ts:60:16)
    at /home/halp/zoron/node_modules/@sveltejs/kit/src/runtime/server/respond.js:364:18
    at AsyncLocalStorage.run (node:internal/async_local_storage/async_hooks:91:14)
    at Module.with_event (/home/halp/zoron/node_modules/@sveltejs/kit/src/runtime/app/server/event.js:49:20)
[2025-05-27T18:02:36.950Z] Error: Not found: /404
    at resolve (/home/halp/zoron/node_modules/@sveltejs/kit/src/runtime/server/respond.js:582:13)
    at /home/halp/zoron/node_modules/@sveltejs/kit/src/runtime/server/respond.js:370:7
    at AsyncLocalStorage.run (node:internal/async_local_storage/async_hooks:91:14)
    at Module.with_event (/home/halp/zoron/node_modules/@sveltejs/kit/src/runtime/app/server/event.js:49:20)
    at resolve (/home/halp/zoron/node_modules/@sveltejs/kit/src/runtime/server/respond.js:369:6)
    at Module.handle (/home/halp/zoron/node_modules/@auth/sveltekit/dist/index.js:343:20)
    at Object.handle (/home/halp/zoron/src/hooks.server.ts:60:16)
    at /home/halp/zoron/node_modules/@sveltejs/kit/src/runtime/server/respond.js:364:18
    at AsyncLocalStorage.run (node:internal/async_local_storage/async_hooks:91:14)
    at Module.with_event (/home/halp/zoron/node_modules/@sveltejs/kit/src/runtime/app/server/event.js:49:20)
[2025-05-27T18:03:16.172Z] Error: Not found: /404
    at resolve (/home/halp/zoron/node_modules/@sveltejs/kit/src/runtime/server/respond.js:582:13)
    at /home/halp/zoron/node_modules/@sveltejs/kit/src/runtime/server/respond.js:370:7
    at AsyncLocalStorage.run (node:internal/async_local_storage/async_hooks:91:14)
    at Module.with_event (/home/halp/zoron/node_modules/@sveltejs/kit/src/runtime/app/server/event.js:49:20)
    at resolve (/home/halp/zoron/node_modules/@sveltejs/kit/src/runtime/server/respond.js:369:6)
    at Module.handle (/home/halp/zoron/node_modules/@auth/sveltekit/dist/index.js:343:20)
    at Object.handle (/home/halp/zoron/src/hooks.server.ts:60:16)
    at /home/halp/zoron/node_modules/@sveltejs/kit/src/runtime/server/respond.js:364:18
    at AsyncLocalStorage.run (node:internal/async_local_storage/async_hooks:91:14)
    at Module.with_event (/home/halp/zoron/node_modules/@sveltejs/kit/src/runtime/app/server/event.js:49:20)
[2025-05-27T19:51:47.226Z] 
[2025-05-27T19:51:47.232Z] 
[2025-05-28T13:02:01.412Z] TypeError: Cannot read properties of null (reading 'classes')
    at _page (/home/halp/zoron/src/routes/home/grades/+page.svelte:29:7)
    at eval (/home/halp/zoron/.svelte-kit/generated/root.svelte:106:9)
    at _layout (/home/halp/zoron/src/routes/home/+layout.svelte:331:24)
    at eval (/home/halp/zoron/.svelte-kit/generated/root.svelte:77:6)
    at _layout (/home/halp/zoron/src/routes/+layout.svelte:68:20)
    at Root (/home/halp/zoron/.svelte-kit/generated/root.svelte:66:3)
    at Module.render (/home/halp/zoron/node_modules/svelte/src/internal/server/index.js:88:2)
    at Function._render [as render] (/home/halp/zoron/node_modules/svelte/src/legacy/legacy-server.js:27:18)
    at Module.render_response (/home/halp/zoron/node_modules/@sveltejs/kit/src/runtime/server/page/render.js:192:29)
    at async Module.render_page (/home/halp/zoron/node_modules/@sveltejs/kit/src/runtime/server/page/index.js:305:10)
[2025-05-28T13:05:12.369Z] TypeError: Cannot read properties of null (reading 'classes')
    at _page (/home/halp/zoron/src/routes/home/grades/+page.svelte:29:7)
    at eval (/home/halp/zoron/.svelte-kit/generated/root.svelte:106:9)
    at _layout (/home/halp/zoron/src/routes/home/+layout.svelte:331:24)
    at eval (/home/halp/zoron/.svelte-kit/generated/root.svelte:77:6)
    at _layout (/home/halp/zoron/src/routes/+layout.svelte:68:20)
    at Root (/home/halp/zoron/.svelte-kit/generated/root.svelte:66:3)
    at Module.render (/home/halp/zoron/node_modules/svelte/src/internal/server/index.js:88:2)
    at Function._render [as render] (/home/halp/zoron/node_modules/svelte/src/legacy/legacy-server.js:27:18)
    at Module.render_response (/home/halp/zoron/node_modules/@sveltejs/kit/src/runtime/server/page/render.js:192:29)
    at async Module.render_page (/home/halp/zoron/node_modules/@sveltejs/kit/src/runtime/server/page/index.js:305:10)
[2025-06-14T12:05:21.219Z] TypeError: Cannot read properties of null (reading 'classes')
    at _page (/home/halp/zoron/src/routes/home/grades/+page.svelte:29:7)
    at eval (/home/halp/zoron/.svelte-kit/generated/root.svelte:106:9)
    at _layout (/home/halp/zoron/src/routes/home/+layout.svelte:331:24)
    at eval (/home/halp/zoron/.svelte-kit/generated/root.svelte:77:6)
    at _layout (/home/halp/zoron/src/routes/+layout.svelte:68:20)
    at Root (/home/halp/zoron/.svelte-kit/generated/root.svelte:66:3)
    at Module.render (/home/halp/zoron/node_modules/svelte/src/internal/server/index.js:88:2)
    at Function._render [as render] (/home/halp/zoron/node_modules/svelte/src/legacy/legacy-server.js:27:18)
    at Module.render_response (/home/halp/zoron/node_modules/@sveltejs/kit/src/runtime/server/page/render.js:192:29)
    at async Module.render_page (/home/halp/zoron/node_modules/@sveltejs/kit/src/runtime/server/page/index.js:305:10)
[2025-06-14T12:06:00.596Z] TypeError: Cannot read properties of null (reading 'classes')
    at _page (/home/halp/zoron/src/routes/home/grades/+page.svelte:29:7)
    at eval (/home/halp/zoron/.svelte-kit/generated/root.svelte:106:9)
    at _layout (/home/halp/zoron/src/routes/home/+layout.svelte:331:24)
    at eval (/home/halp/zoron/.svelte-kit/generated/root.svelte:77:6)
    at _layout (/home/halp/zoron/src/routes/+layout.svelte:68:20)
    at Root (/home/halp/zoron/.svelte-kit/generated/root.svelte:66:3)
    at Module.render (/home/halp/zoron/node_modules/svelte/src/internal/server/index.js:88:2)
    at Function._render [as render] (/home/halp/zoron/node_modules/svelte/src/legacy/legacy-server.js:27:18)
    at Module.render_response (/home/halp/zoron/node_modules/@sveltejs/kit/src/runtime/server/page/render.js:192:29)
    at async Module.render_page (/home/halp/zoron/node_modules/@sveltejs/kit/src/runtime/server/page/index.js:305:10)
[2025-06-14T12:06:22.083Z] TypeError: Cannot read properties of null (reading 'classes')
    at _page (/home/halp/zoron/src/routes/home/grades/+page.svelte:29:7)
    at eval (/home/halp/zoron/.svelte-kit/generated/root.svelte:106:9)
    at _layout (/home/halp/zoron/src/routes/home/+layout.svelte:331:24)
    at eval (/home/halp/zoron/.svelte-kit/generated/root.svelte:77:6)
    at _layout (/home/halp/zoron/src/routes/+layout.svelte:68:20)
    at Root (/home/halp/zoron/.svelte-kit/generated/root.svelte:66:3)
    at Module.render (/home/halp/zoron/node_modules/svelte/src/internal/server/index.js:88:2)
    at Function._render [as render] (/home/halp/zoron/node_modules/svelte/src/legacy/legacy-server.js:27:18)
    at Module.render_response (/home/halp/zoron/node_modules/@sveltejs/kit/src/runtime/server/page/render.js:192:29)
    at async Module.render_page (/home/halp/zoron/node_modules/@sveltejs/kit/src/runtime/server/page/index.js:305:10)
[2025-06-14T12:08:46.007Z] Error: Transform failed with 1 error:
/home/halp/zoron/src/lib/web/state.ts:20:0: ERROR: Expected ">" but found "}"
    at failureErrorWithLog (/home/halp/zoron/node_modules/vite/node_modules/esbuild/lib/main.js:1472:15)
    at /home/halp/zoron/node_modules/vite/node_modules/esbuild/lib/main.js:755:50
    at responseCallbacks.<computed> (/home/halp/zoron/node_modules/vite/node_modules/esbuild/lib/main.js:622:9)
    at handleIncomingPacket (/home/halp/zoron/node_modules/vite/node_modules/esbuild/lib/main.js:677:12)
    at Socket.readFromStdout (/home/halp/zoron/node_modules/vite/node_modules/esbuild/lib/main.js:600:7)
    at Socket.emit (node:events:507:28)
    at addChunk (node:internal/streams/readable:559:12)
    at readableAddChunkPushByteMode (node:internal/streams/readable:510:3)
    at Readable.push (node:internal/streams/readable:390:5)
    at Pipe.onStreamRead (node:internal/stream_base_commons:189:23)
[2025-06-14T12:08:48.891Z] Error: Transform failed with 1 error:
/home/halp/zoron/src/lib/web/state.ts:20:0: ERROR: Expected ">" but found "}"
    at failureErrorWithLog (/home/halp/zoron/node_modules/vite/node_modules/esbuild/lib/main.js:1472:15)
    at /home/halp/zoron/node_modules/vite/node_modules/esbuild/lib/main.js:755:50
    at responseCallbacks.<computed> (/home/halp/zoron/node_modules/vite/node_modules/esbuild/lib/main.js:622:9)
    at handleIncomingPacket (/home/halp/zoron/node_modules/vite/node_modules/esbuild/lib/main.js:677:12)
    at Socket.readFromStdout (/home/halp/zoron/node_modules/vite/node_modules/esbuild/lib/main.js:600:7)
    at Socket.emit (node:events:507:28)
    at addChunk (node:internal/streams/readable:559:12)
    at readableAddChunkPushByteMode (node:internal/streams/readable:510:3)
    at Readable.push (node:internal/streams/readable:390:5)
    at Pipe.onStreamRead (node:internal/stream_base_commons:189:23)
[2025-06-14T12:08:49.867Z] Error: Transform failed with 1 error:
/home/halp/zoron/src/lib/web/state.ts:20:0: ERROR: Unexpected "}"
    at failureErrorWithLog (/home/halp/zoron/node_modules/vite/node_modules/esbuild/lib/main.js:1472:15)
    at /home/halp/zoron/node_modules/vite/node_modules/esbuild/lib/main.js:755:50
    at responseCallbacks.<computed> (/home/halp/zoron/node_modules/vite/node_modules/esbuild/lib/main.js:622:9)
    at handleIncomingPacket (/home/halp/zoron/node_modules/vite/node_modules/esbuild/lib/main.js:677:12)
    at Socket.readFromStdout (/home/halp/zoron/node_modules/vite/node_modules/esbuild/lib/main.js:600:7)
    at Socket.emit (node:events:507:28)
    at addChunk (node:internal/streams/readable:559:12)
    at readableAddChunkPushByteMode (node:internal/streams/readable:510:3)
    at Readable.push (node:internal/streams/readable:390:5)
    at Pipe.onStreamRead (node:internal/stream_base_commons:189:23)
[2025-06-14T12:09:10.707Z] Error: Transform failed with 1 error:
/home/halp/zoron/src/routes/api/home/launch/+server.ts:44:2: ERROR: Unexpected "}"
    at failureErrorWithLog (/home/halp/zoron/node_modules/vite/node_modules/esbuild/lib/main.js:1472:15)
    at /home/halp/zoron/node_modules/vite/node_modules/esbuild/lib/main.js:755:50
    at responseCallbacks.<computed> (/home/halp/zoron/node_modules/vite/node_modules/esbuild/lib/main.js:622:9)
    at handleIncomingPacket (/home/halp/zoron/node_modules/vite/node_modules/esbuild/lib/main.js:677:12)
    at Socket.readFromStdout (/home/halp/zoron/node_modules/vite/node_modules/esbuild/lib/main.js:600:7)
    at Socket.emit (node:events:507:28)
    at addChunk (node:internal/streams/readable:559:12)
    at readableAddChunkPushByteMode (node:internal/streams/readable:510:3)
    at Readable.push (node:internal/streams/readable:390:5)
    at Pipe.onStreamRead (node:internal/stream_base_commons:189:23)
[2025-06-14T12:09:15.037Z] ReferenceError: ap is not defined
    at GET (/home/halp/zoron/src/routes/api/home/launch/+server.ts:44:23)
    at process.processTicksAndRejections (node:internal/process/task_queues:105:5)
    at async Module.render_endpoint (/home/halp/zoron/node_modules/@sveltejs/kit/src/runtime/server/endpoint.js:44:20)
    at async resolve (/home/halp/zoron/node_modules/@sveltejs/kit/src/runtime/server/respond.js:494:17)
    at async Object.handle (/home/halp/zoron/src/hooks.server.ts:60:10)
    at async Module.respond (/home/halp/zoron/node_modules/@sveltejs/kit/src/runtime/server/respond.js:363:20)
    at async file:///home/halp/zoron/node_modules/@sveltejs/kit/src/exports/vite/dev/index.js:540:22
[2025-06-14T12:09:17.890Z] Error: Failed to get transcript page: 404 (Not Found)
    at aspen2.transcript (/home/halp/zoron/src/lib/aspen/index.ts:1406:13)
    at process.processTicksAndRejections (node:internal/process/task_queues:105:5)
    at async GET (/home/halp/zoron/src/routes/api/home/launch/+server.ts:43:15)
    at async Module.render_endpoint (/home/halp/zoron/node_modules/@sveltejs/kit/src/runtime/server/endpoint.js:44:20)
    at async resolve (/home/halp/zoron/node_modules/@sveltejs/kit/src/runtime/server/respond.js:494:17)
    at async Object.handle (/home/halp/zoron/src/hooks.server.ts:60:10)
    at async Module.respond (/home/halp/zoron/node_modules/@sveltejs/kit/src/runtime/server/respond.js:363:20)
    at async file:///home/halp/zoron/node_modules/@sveltejs/kit/src/exports/vite/dev/index.js:540:22
[2025-06-14T12:09:36.921Z] Error: Failed to get transcript page: 404 (Not Found)
    at aspen2.transcript (/home/halp/zoron/src/lib/aspen/index.ts:1406:13)
    at process.processTicksAndRejections (node:internal/process/task_queues:105:5)
    at async GET (/home/halp/zoron/src/routes/api/home/launch/+server.ts:43:15)
    at async Module.render_endpoint (/home/halp/zoron/node_modules/@sveltejs/kit/src/runtime/server/endpoint.js:44:20)
    at async resolve (/home/halp/zoron/node_modules/@sveltejs/kit/src/runtime/server/respond.js:494:17)
    at async Object.handle (/home/halp/zoron/src/hooks.server.ts:60:10)
    at async Module.respond (/home/halp/zoron/node_modules/@sveltejs/kit/src/runtime/server/respond.js:363:20)
    at async file:///home/halp/zoron/node_modules/@sveltejs/kit/src/exports/vite/dev/index.js:540:22
[2025-06-14T12:09:40.448Z] Error: Failed to get transcript page: 404 (Not Found)
    at aspen2.transcript (/home/halp/zoron/src/lib/aspen/index.ts:1406:13)
    at process.processTicksAndRejections (node:internal/process/task_queues:105:5)
    at async GET (/home/halp/zoron/src/routes/api/home/launch/+server.ts:43:15)
    at async Module.render_endpoint (/home/halp/zoron/node_modules/@sveltejs/kit/src/runtime/server/endpoint.js:44:20)
    at async resolve (/home/halp/zoron/node_modules/@sveltejs/kit/src/runtime/server/respond.js:494:17)
    at async Object.handle (/home/halp/zoron/src/hooks.server.ts:60:10)
    at async Module.respond (/home/halp/zoron/node_modules/@sveltejs/kit/src/runtime/server/respond.js:363:20)
    at async file:///home/halp/zoron/node_modules/@sveltejs/kit/src/exports/vite/dev/index.js:540:22
[2025-06-14T12:10:14.604Z] Error: Failed to find data
    at aspen2.transcript (/home/halp/zoron/src/lib/aspen/index.ts:1418:22)
    at process.processTicksAndRejections (node:internal/process/task_queues:105:5)
    at async GET (/home/halp/zoron/src/routes/api/home/launch/+server.ts:43:15)
    at async Module.render_endpoint (/home/halp/zoron/node_modules/@sveltejs/kit/src/runtime/server/endpoint.js:44:20)
    at async resolve (/home/halp/zoron/node_modules/@sveltejs/kit/src/runtime/server/respond.js:494:17)
    at async Object.handle (/home/halp/zoron/src/hooks.server.ts:60:10)
    at async Module.respond (/home/halp/zoron/node_modules/@sveltejs/kit/src/runtime/server/respond.js:363:20)
    at async file:///home/halp/zoron/node_modules/@sveltejs/kit/src/exports/vite/dev/index.js:540:22
[2025-06-14T12:10:26.746Z] Error: Failed to find data
    at aspen2.transcript (/home/halp/zoron/src/lib/aspen/index.ts:1418:22)
    at process.processTicksAndRejections (node:internal/process/task_queues:105:5)
    at async GET (/home/halp/zoron/src/routes/api/home/launch/+server.ts:43:15)
    at async Module.render_endpoint (/home/halp/zoron/node_modules/@sveltejs/kit/src/runtime/server/endpoint.js:44:20)
    at async resolve (/home/halp/zoron/node_modules/@sveltejs/kit/src/runtime/server/respond.js:494:17)
    at async Object.handle (/home/halp/zoron/src/hooks.server.ts:60:10)
    at async Module.respond (/home/halp/zoron/node_modules/@sveltejs/kit/src/runtime/server/respond.js:363:20)
    at async file:///home/halp/zoron/node_modules/@sveltejs/kit/src/exports/vite/dev/index.js:540:22
[2025-06-14T12:10:39.229Z] Error: Failed to find data
    at aspen2.transcript (/home/halp/zoron/src/lib/aspen/index.ts:1419:22)
    at process.processTicksAndRejections (node:internal/process/task_queues:105:5)
    at async GET (/home/halp/zoron/src/routes/api/home/launch/+server.ts:43:15)
    at async Module.render_endpoint (/home/halp/zoron/node_modules/@sveltejs/kit/src/runtime/server/endpoint.js:44:20)
    at async resolve (/home/halp/zoron/node_modules/@sveltejs/kit/src/runtime/server/respond.js:494:17)
    at async Object.handle (/home/halp/zoron/src/hooks.server.ts:60:10)
    at async Module.respond (/home/halp/zoron/node_modules/@sveltejs/kit/src/runtime/server/respond.js:363:20)
    at async file:///home/halp/zoron/node_modules/@sveltejs/kit/src/exports/vite/dev/index.js:540:22
[2025-06-14T12:10:52.603Z] Error: Failed to find data
    at aspen2.transcript (/home/halp/zoron/src/lib/aspen/index.ts:1419:22)
    at process.processTicksAndRejections (node:internal/process/task_queues:105:5)
    at async GET (/home/halp/zoron/src/routes/api/home/launch/+server.ts:43:15)
    at async Module.render_endpoint (/home/halp/zoron/node_modules/@sveltejs/kit/src/runtime/server/endpoint.js:44:20)
    at async resolve (/home/halp/zoron/node_modules/@sveltejs/kit/src/runtime/server/respond.js:494:17)
    at async Object.handle (/home/halp/zoron/src/hooks.server.ts:60:10)
    at async Module.respond (/home/halp/zoron/node_modules/@sveltejs/kit/src/runtime/server/respond.js:363:20)
    at async file:///home/halp/zoron/node_modules/@sveltejs/kit/src/exports/vite/dev/index.js:540:22
[2025-06-14T12:11:32.970Z] Error: Failed to find data
    at aspen2.transcript (/home/halp/zoron/src/lib/aspen/index.ts:1419:22)
    at process.processTicksAndRejections (node:internal/process/task_queues:105:5)
    at async GET (/home/halp/zoron/src/routes/api/home/launch/+server.ts:43:15)
    at async Module.render_endpoint (/home/halp/zoron/node_modules/@sveltejs/kit/src/runtime/server/endpoint.js:44:20)
    at async resolve (/home/halp/zoron/node_modules/@sveltejs/kit/src/runtime/server/respond.js:494:17)
    at async Object.handle (/home/halp/zoron/src/hooks.server.ts:60:10)
    at async Module.respond (/home/halp/zoron/node_modules/@sveltejs/kit/src/runtime/server/respond.js:363:20)
    at async file:///home/halp/zoron/node_modules/@sveltejs/kit/src/exports/vite/dev/index.js:540:22
[2025-06-14T12:11:40.740Z] Error: Failed to find data
    at aspen2.transcript (/home/halp/zoron/src/lib/aspen/index.ts:1419:22)
    at process.processTicksAndRejections (node:internal/process/task_queues:105:5)
    at async GET (/home/halp/zoron/src/routes/api/home/launch/+server.ts:43:15)
    at async Module.render_endpoint (/home/halp/zoron/node_modules/@sveltejs/kit/src/runtime/server/endpoint.js:44:20)
    at async resolve (/home/halp/zoron/node_modules/@sveltejs/kit/src/runtime/server/respond.js:494:17)
    at async Object.handle (/home/halp/zoron/src/hooks.server.ts:60:10)
    at async Module.respond (/home/halp/zoron/node_modules/@sveltejs/kit/src/runtime/server/respond.js:363:20)
    at async file:///home/halp/zoron/node_modules/@sveltejs/kit/src/exports/vite/dev/index.js:540:22
[2025-06-14T12:13:12.544Z] Error: Failed to find data
    at aspen2.transcript (/home/halp/zoron/src/lib/aspen/index.ts:1419:22)
    at process.processTicksAndRejections (node:internal/process/task_queues:105:5)
    at async GET (/home/halp/zoron/src/routes/api/home/launch/+server.ts:43:15)
    at async Module.render_endpoint (/home/halp/zoron/node_modules/@sveltejs/kit/src/runtime/server/endpoint.js:44:20)
    at async resolve (/home/halp/zoron/node_modules/@sveltejs/kit/src/runtime/server/respond.js:494:17)
    at async Object.handle (/home/halp/zoron/src/hooks.server.ts:60:10)
    at async Module.respond (/home/halp/zoron/node_modules/@sveltejs/kit/src/runtime/server/respond.js:363:20)
    at async file:///home/halp/zoron/node_modules/@sveltejs/kit/src/exports/vite/dev/index.js:540:22
[2025-06-14T12:13:20.084Z] TypeError: Cannot read properties of null (reading 'classes')
    at _page (/home/halp/zoron/src/routes/home/grades/+page.svelte:29:7)
    at eval (/home/halp/zoron/.svelte-kit/generated/root.svelte:106:9)
    at _layout (/home/halp/zoron/src/routes/home/+layout.svelte:331:24)
    at eval (/home/halp/zoron/.svelte-kit/generated/root.svelte:77:6)
    at _layout (/home/halp/zoron/src/routes/+layout.svelte:68:20)
    at Root (/home/halp/zoron/.svelte-kit/generated/root.svelte:66:3)
    at Module.render (/home/halp/zoron/node_modules/svelte/src/internal/server/index.js:88:2)
    at Function._render [as render] (/home/halp/zoron/node_modules/svelte/src/legacy/legacy-server.js:27:18)
    at Module.render_response (/home/halp/zoron/node_modules/@sveltejs/kit/src/runtime/server/page/render.js:192:29)
    at async Module.render_page (/home/halp/zoron/node_modules/@sveltejs/kit/src/runtime/server/page/index.js:305:10)
[2025-06-14T12:13:51.643Z] TypeError: Cannot read properties of null (reading 'classes')
    at _page (/home/halp/zoron/src/routes/home/grades/+page.svelte:29:7)
    at eval (/home/halp/zoron/.svelte-kit/generated/root.svelte:106:9)
    at _layout (/home/halp/zoron/src/routes/home/+layout.svelte:331:24)
    at eval (/home/halp/zoron/.svelte-kit/generated/root.svelte:77:6)
    at _layout (/home/halp/zoron/src/routes/+layout.svelte:68:20)
    at Root (/home/halp/zoron/.svelte-kit/generated/root.svelte:66:3)
    at Module.render (/home/halp/zoron/node_modules/svelte/src/internal/server/index.js:88:2)
    at Function._render [as render] (/home/halp/zoron/node_modules/svelte/src/legacy/legacy-server.js:27:18)
    at Module.render_response (/home/halp/zoron/node_modules/@sveltejs/kit/src/runtime/server/page/render.js:192:29)
    at async Module.render_page (/home/halp/zoron/node_modules/@sveltejs/kit/src/runtime/server/page/index.js:305:10)
[2025-06-14T20:28:22.042Z] TypeError: Cannot read properties of null (reading 'classes')
    at _page (/home/halp/zoron/src/routes/home/grades/+page.svelte:32:7)
    at eval (/home/halp/zoron/.svelte-kit/generated/root.svelte:106:9)
    at _layout (/home/halp/zoron/src/routes/home/+layout.svelte:331:24)
    at eval (/home/halp/zoron/.svelte-kit/generated/root.svelte:77:6)
    at _layout (/home/halp/zoron/src/routes/+layout.svelte:68:20)
    at Root (/home/halp/zoron/.svelte-kit/generated/root.svelte:66:3)
    at Module.render (/home/halp/zoron/node_modules/svelte/src/internal/server/index.js:88:2)
    at Function._render [as render] (/home/halp/zoron/node_modules/svelte/src/legacy/legacy-server.js:27:18)
    at Module.render_response (/home/halp/zoron/node_modules/@sveltejs/kit/src/runtime/server/page/render.js:192:29)
    at async Module.render_page (/home/halp/zoron/node_modules/@sveltejs/kit/src/runtime/server/page/index.js:305:10)
[2025-06-14T20:31:32.755Z] ReferenceError: document is not defined
    at aspen2.transcript (/home/halp/zoron/src/lib/aspen/index.ts:1014:20)
    at process.processTicksAndRejections (node:internal/process/task_queues:105:5)
    at async GET (/home/halp/zoron/src/routes/api/home/launch/+server.ts:44:17)
    at async Module.render_endpoint (/home/halp/zoron/node_modules/@sveltejs/kit/src/runtime/server/endpoint.js:44:20)
    at async resolve (/home/halp/zoron/node_modules/@sveltejs/kit/src/runtime/server/respond.js:494:17)
    at async Object.handle (/home/halp/zoron/src/hooks.server.ts:50:10)
    at async Module.respond (/home/halp/zoron/node_modules/@sveltejs/kit/src/runtime/server/respond.js:363:20)
    at async file:///home/halp/zoron/node_modules/@sveltejs/kit/src/exports/vite/dev/index.js:540:22
[2025-06-14T20:31:43.106Z] TypeError: Cannot read properties of null (reading 'classes')
    at _page (/home/halp/zoron/src/routes/home/grades/+page.svelte:32:7)
    at eval (/home/halp/zoron/.svelte-kit/generated/root.svelte:106:9)
    at _layout (/home/halp/zoron/src/routes/home/+layout.svelte:331:24)
    at eval (/home/halp/zoron/.svelte-kit/generated/root.svelte:77:6)
    at _layout (/home/halp/zoron/src/routes/+layout.svelte:68:20)
    at Root (/home/halp/zoron/.svelte-kit/generated/root.svelte:66:3)
    at Module.render (/home/halp/zoron/node_modules/svelte/src/internal/server/index.js:88:2)
    at Function._render [as render] (/home/halp/zoron/node_modules/svelte/src/legacy/legacy-server.js:27:18)
    at Module.render_response (/home/halp/zoron/node_modules/@sveltejs/kit/src/runtime/server/page/render.js:192:29)
    at async Module.render_page (/home/halp/zoron/node_modules/@sveltejs/kit/src/runtime/server/page/index.js:305:10)
[2025-06-14T20:32:31.030Z] TypeError: Cannot read properties of null (reading 'classes')
    at _page (/home/halp/zoron/src/routes/home/grades/+page.svelte:32:7)
    at eval (/home/halp/zoron/.svelte-kit/generated/root.svelte:106:9)
    at _layout (/home/halp/zoron/src/routes/home/+layout.svelte:331:24)
    at eval (/home/halp/zoron/.svelte-kit/generated/root.svelte:77:6)
    at _layout (/home/halp/zoron/src/routes/+layout.svelte:68:20)
    at Root (/home/halp/zoron/.svelte-kit/generated/root.svelte:66:3)
    at Module.render (/home/halp/zoron/node_modules/svelte/src/internal/server/index.js:88:2)
    at Function._render [as render] (/home/halp/zoron/node_modules/svelte/src/legacy/legacy-server.js:27:18)
    at Module.render_response (/home/halp/zoron/node_modules/@sveltejs/kit/src/runtime/server/page/render.js:192:29)
    at async Module.render_page (/home/halp/zoron/node_modules/@sveltejs/kit/src/runtime/server/page/index.js:305:10)
[2025-06-14T20:33:19.058Z] TypeError: Cannot read properties of null (reading 'classes')
    at _page (/home/halp/zoron/src/routes/home/grades/+page.svelte:32:7)
    at eval (/home/halp/zoron/.svelte-kit/generated/root.svelte:106:9)
    at _layout (/home/halp/zoron/src/routes/home/+layout.svelte:331:24)
    at eval (/home/halp/zoron/.svelte-kit/generated/root.svelte:77:6)
    at _layout (/home/halp/zoron/src/routes/+layout.svelte:68:20)
    at Root (/home/halp/zoron/.svelte-kit/generated/root.svelte:66:3)
    at Module.render (/home/halp/zoron/node_modules/svelte/src/internal/server/index.js:88:2)
    at Function._render [as render] (/home/halp/zoron/node_modules/svelte/src/legacy/legacy-server.js:27:18)
    at Module.render_response (/home/halp/zoron/node_modules/@sveltejs/kit/src/runtime/server/page/render.js:192:29)
    at async Module.render_page (/home/halp/zoron/node_modules/@sveltejs/kit/src/runtime/server/page/index.js:305:10)
[2025-06-14T20:34:12.146Z] TypeError: Cannot read properties of null (reading 'classes')
    at _page (/home/halp/zoron/src/routes/home/grades/+page.svelte:32:7)
    at eval (/home/halp/zoron/.svelte-kit/generated/root.svelte:106:9)
    at _layout (/home/halp/zoron/src/routes/home/+layout.svelte:331:24)
    at eval (/home/halp/zoron/.svelte-kit/generated/root.svelte:77:6)
    at _layout (/home/halp/zoron/src/routes/+layout.svelte:68:20)
    at Root (/home/halp/zoron/.svelte-kit/generated/root.svelte:66:3)
    at Module.render (/home/halp/zoron/node_modules/svelte/src/internal/server/index.js:88:2)
    at Function._render [as render] (/home/halp/zoron/node_modules/svelte/src/legacy/legacy-server.js:27:18)
    at Module.render_response (/home/halp/zoron/node_modules/@sveltejs/kit/src/runtime/server/page/render.js:192:29)
    at async Module.render_page (/home/halp/zoron/node_modules/@sveltejs/kit/src/runtime/server/page/index.js:305:10)
[2025-06-14T20:39:24.139Z] TypeError: Cannot read properties of null (reading 'classes')
    at _page (/home/halp/zoron/src/routes/home/grades/+page.svelte:32:7)
    at eval (/home/halp/zoron/.svelte-kit/generated/root.svelte:106:9)
    at _layout (/home/halp/zoron/src/routes/home/+layout.svelte:331:24)
    at eval (/home/halp/zoron/.svelte-kit/generated/root.svelte:77:6)
    at _layout (/home/halp/zoron/src/routes/+layout.svelte:68:20)
    at Root (/home/halp/zoron/.svelte-kit/generated/root.svelte:66:3)
    at Module.render (/home/halp/zoron/node_modules/svelte/src/internal/server/index.js:88:2)
    at Function._render [as render] (/home/halp/zoron/node_modules/svelte/src/legacy/legacy-server.js:27:18)
    at Module.render_response (/home/halp/zoron/node_modules/@sveltejs/kit/src/runtime/server/page/render.js:192:29)
    at async Module.render_page (/home/halp/zoron/node_modules/@sveltejs/kit/src/runtime/server/page/index.js:305:10)
[2025-06-14T20:40:26.515Z] TypeError: Cannot read properties of null (reading 'classes')
    at _page (/home/halp/zoron/src/routes/home/grades/+page.svelte:32:7)
    at eval (/home/halp/zoron/.svelte-kit/generated/root.svelte:106:9)
    at _layout (/home/halp/zoron/src/routes/home/+layout.svelte:331:24)
    at eval (/home/halp/zoron/.svelte-kit/generated/root.svelte:77:6)
    at _layout (/home/halp/zoron/src/routes/+layout.svelte:68:20)
    at Root (/home/halp/zoron/.svelte-kit/generated/root.svelte:66:3)
    at Module.render (/home/halp/zoron/node_modules/svelte/src/internal/server/index.js:88:2)
    at Function._render [as render] (/home/halp/zoron/node_modules/svelte/src/legacy/legacy-server.js:27:18)
    at Module.render_response (/home/halp/zoron/node_modules/@sveltejs/kit/src/runtime/server/page/render.js:192:29)
    at async Module.render_page (/home/halp/zoron/node_modules/@sveltejs/kit/src/runtime/server/page/index.js:305:10)
[2025-06-14T20:40:43.460Z] TypeError: Cannot read properties of null (reading 'classes')
    at _page (/home/halp/zoron/src/routes/home/grades/+page.svelte:32:7)
    at eval (/home/halp/zoron/.svelte-kit/generated/root.svelte:106:9)
    at _layout (/home/halp/zoron/src/routes/home/+layout.svelte:331:24)
    at eval (/home/halp/zoron/.svelte-kit/generated/root.svelte:77:6)
    at _layout (/home/halp/zoron/src/routes/+layout.svelte:68:20)
    at Root (/home/halp/zoron/.svelte-kit/generated/root.svelte:66:3)
    at Module.render (/home/halp/zoron/node_modules/svelte/src/internal/server/index.js:88:2)
    at Function._render [as render] (/home/halp/zoron/node_modules/svelte/src/legacy/legacy-server.js:27:18)
    at Module.render_response (/home/halp/zoron/node_modules/@sveltejs/kit/src/runtime/server/page/render.js:192:29)
    at async Module.render_page (/home/halp/zoron/node_modules/@sveltejs/kit/src/runtime/server/page/index.js:305:10)
[2025-06-14T20:41:23.192Z] TypeError: Cannot read properties of null (reading 'classes')
    at _page (/home/halp/zoron/src/routes/home/grades/+page.svelte:32:7)
    at eval (/home/halp/zoron/.svelte-kit/generated/root.svelte:106:9)
    at _layout (/home/halp/zoron/src/routes/home/+layout.svelte:331:24)
    at eval (/home/halp/zoron/.svelte-kit/generated/root.svelte:77:6)
    at _layout (/home/halp/zoron/src/routes/+layout.svelte:68:20)
    at Root (/home/halp/zoron/.svelte-kit/generated/root.svelte:66:3)
    at Module.render (/home/halp/zoron/node_modules/svelte/src/internal/server/index.js:88:2)
    at Function._render [as render] (/home/halp/zoron/node_modules/svelte/src/legacy/legacy-server.js:27:18)
    at Module.render_response (/home/halp/zoron/node_modules/@sveltejs/kit/src/runtime/server/page/render.js:192:29)
    at async Module.render_page (/home/halp/zoron/node_modules/@sveltejs/kit/src/runtime/server/page/index.js:305:10)
[2025-06-14T20:44:30.310Z] TypeError: Cannot read properties of null (reading 'classes')
    at _page (/home/halp/zoron/src/routes/home/grades/+page.svelte:32:7)
    at eval (/home/halp/zoron/.svelte-kit/generated/root.svelte:106:9)
    at _layout (/home/halp/zoron/src/routes/home/+layout.svelte:331:24)
    at eval (/home/halp/zoron/.svelte-kit/generated/root.svelte:77:6)
    at _layout (/home/halp/zoron/src/routes/+layout.svelte:68:20)
    at Root (/home/halp/zoron/.svelte-kit/generated/root.svelte:66:3)
    at Module.render (/home/halp/zoron/node_modules/svelte/src/internal/server/index.js:88:2)
    at Function._render [as render] (/home/halp/zoron/node_modules/svelte/src/legacy/legacy-server.js:27:18)
    at Module.render_response (/home/halp/zoron/node_modules/@sveltejs/kit/src/runtime/server/page/render.js:192:29)
    at async Module.render_page (/home/halp/zoron/node_modules/@sveltejs/kit/src/runtime/server/page/index.js:305:10)
[2025-06-14T20:44:39.681Z] TypeError: Cannot read properties of null (reading 'classes')
    at _page (/home/halp/zoron/src/routes/home/grades/+page.svelte:32:7)
    at eval (/home/halp/zoron/.svelte-kit/generated/root.svelte:106:9)
    at _layout (/home/halp/zoron/src/routes/home/+layout.svelte:331:24)
    at eval (/home/halp/zoron/.svelte-kit/generated/root.svelte:77:6)
    at _layout (/home/halp/zoron/src/routes/+layout.svelte:68:20)
    at Root (/home/halp/zoron/.svelte-kit/generated/root.svelte:66:3)
    at Module.render (/home/halp/zoron/node_modules/svelte/src/internal/server/index.js:88:2)
    at Function._render [as render] (/home/halp/zoron/node_modules/svelte/src/legacy/legacy-server.js:27:18)
    at Module.render_response (/home/halp/zoron/node_modules/@sveltejs/kit/src/runtime/server/page/render.js:192:29)
    at async Module.render_page (/home/halp/zoron/node_modules/@sveltejs/kit/src/runtime/server/page/index.js:305:10)
[2025-06-14T20:44:57.794Z] TypeError: Cannot read properties of null (reading 'classes')
    at _page (/home/halp/zoron/src/routes/home/grades/+page.svelte:32:7)
    at eval (/home/halp/zoron/.svelte-kit/generated/root.svelte:106:9)
    at _layout (/home/halp/zoron/src/routes/home/+layout.svelte:331:24)
    at eval (/home/halp/zoron/.svelte-kit/generated/root.svelte:77:6)
    at _layout (/home/halp/zoron/src/routes/+layout.svelte:68:20)
    at Root (/home/halp/zoron/.svelte-kit/generated/root.svelte:66:3)
    at Module.render (/home/halp/zoron/node_modules/svelte/src/internal/server/index.js:88:2)
    at Function._render [as render] (/home/halp/zoron/node_modules/svelte/src/legacy/legacy-server.js:27:18)
    at Module.render_response (/home/halp/zoron/node_modules/@sveltejs/kit/src/runtime/server/page/render.js:192:29)
    at async Module.render_page (/home/halp/zoron/node_modules/@sveltejs/kit/src/runtime/server/page/index.js:305:10)
[2025-06-14T20:47:35.425Z] TypeError: Cannot read properties of null (reading 'classes')
    at _page (/home/halp/zoron/src/routes/home/grades/+page.svelte:32:7)
    at eval (/home/halp/zoron/.svelte-kit/generated/root.svelte:106:9)
    at _layout (/home/halp/zoron/src/routes/home/+layout.svelte:331:24)
    at eval (/home/halp/zoron/.svelte-kit/generated/root.svelte:77:6)
    at _layout (/home/halp/zoron/src/routes/+layout.svelte:68:20)
    at Root (/home/halp/zoron/.svelte-kit/generated/root.svelte:66:3)
    at Module.render (/home/halp/zoron/node_modules/svelte/src/internal/server/index.js:88:2)
    at Function._render [as render] (/home/halp/zoron/node_modules/svelte/src/legacy/legacy-server.js:27:18)
    at Module.render_response (/home/halp/zoron/node_modules/@sveltejs/kit/src/runtime/server/page/render.js:192:29)
    at async Module.render_page (/home/halp/zoron/node_modules/@sveltejs/kit/src/runtime/server/page/index.js:305:10)
[2025-06-14T20:47:45.121Z] TypeError: Cannot read properties of null (reading 'classes')
    at _page (/home/halp/zoron/src/routes/home/grades/+page.svelte:32:7)
    at eval (/home/halp/zoron/.svelte-kit/generated/root.svelte:106:9)
    at _layout (/home/halp/zoron/src/routes/home/+layout.svelte:331:24)
    at eval (/home/halp/zoron/.svelte-kit/generated/root.svelte:77:6)
    at _layout (/home/halp/zoron/src/routes/+layout.svelte:68:20)
    at Root (/home/halp/zoron/.svelte-kit/generated/root.svelte:66:3)
    at Module.render (/home/halp/zoron/node_modules/svelte/src/internal/server/index.js:88:2)
    at Function._render [as render] (/home/halp/zoron/node_modules/svelte/src/legacy/legacy-server.js:27:18)
    at Module.render_response (/home/halp/zoron/node_modules/@sveltejs/kit/src/runtime/server/page/render.js:192:29)
    at async Module.render_page (/home/halp/zoron/node_modules/@sveltejs/kit/src/runtime/server/page/index.js:305:10)
[2025-06-14T20:49:55.183Z] TypeError: Cannot read properties of null (reading 'classes')
    at _page (/home/halp/zoron/src/routes/home/grades/+page.svelte:32:7)
    at eval (/home/halp/zoron/.svelte-kit/generated/root.svelte:106:9)
    at _layout (/home/halp/zoron/src/routes/home/+layout.svelte:331:24)
    at eval (/home/halp/zoron/.svelte-kit/generated/root.svelte:77:6)
    at _layout (/home/halp/zoron/src/routes/+layout.svelte:68:20)
    at Root (/home/halp/zoron/.svelte-kit/generated/root.svelte:66:3)
    at Module.render (/home/halp/zoron/node_modules/svelte/src/internal/server/index.js:88:2)
    at Function._render [as render] (/home/halp/zoron/node_modules/svelte/src/legacy/legacy-server.js:27:18)
    at Module.render_response (/home/halp/zoron/node_modules/@sveltejs/kit/src/runtime/server/page/render.js:192:29)
    at async Module.render_page (/home/halp/zoron/node_modules/@sveltejs/kit/src/runtime/server/page/index.js:305:10)
[2025-06-14T20:50:39.038Z] TypeError: Cannot read properties of null (reading 'classes')
    at _page (/home/halp/zoron/src/routes/home/grades/+page.svelte:32:7)
    at eval (/home/halp/zoron/.svelte-kit/generated/root.svelte:106:9)
    at _layout (/home/halp/zoron/src/routes/home/+layout.svelte:331:24)
    at eval (/home/halp/zoron/.svelte-kit/generated/root.svelte:77:6)
    at _layout (/home/halp/zoron/src/routes/+layout.svelte:68:20)
    at Root (/home/halp/zoron/.svelte-kit/generated/root.svelte:66:3)
    at Module.render (/home/halp/zoron/node_modules/svelte/src/internal/server/index.js:88:2)
    at Function._render [as render] (/home/halp/zoron/node_modules/svelte/src/legacy/legacy-server.js:27:18)
    at Module.render_response (/home/halp/zoron/node_modules/@sveltejs/kit/src/runtime/server/page/render.js:192:29)
    at async Module.render_page (/home/halp/zoron/node_modules/@sveltejs/kit/src/runtime/server/page/index.js:305:10)
[2025-06-14T21:03:21.660Z] Error: Transform failed with 1 error:
/home/halp/zoron/src/routes/api/home/launch/+server.ts:26:2: ERROR: Unexpected "const"
    at failureErrorWithLog (/home/halp/zoron/node_modules/vite/node_modules/esbuild/lib/main.js:1472:15)
    at /home/halp/zoron/node_modules/vite/node_modules/esbuild/lib/main.js:755:50
    at responseCallbacks.<computed> (/home/halp/zoron/node_modules/vite/node_modules/esbuild/lib/main.js:622:9)
    at handleIncomingPacket (/home/halp/zoron/node_modules/vite/node_modules/esbuild/lib/main.js:677:12)
    at Socket.readFromStdout (/home/halp/zoron/node_modules/vite/node_modules/esbuild/lib/main.js:600:7)
    at Socket.emit (node:events:507:28)
    at addChunk (node:internal/streams/readable:559:12)
    at readableAddChunkPushByteMode (node:internal/streams/readable:510:3)
    at Readable.push (node:internal/streams/readable:390:5)
    at Pipe.onStreamRead (node:internal/stream_base_commons:189:23)
[2025-06-14T21:03:32.856Z] Error: Transform failed with 1 error:
/home/halp/zoron/src/routes/api/home/launch/+server.ts:28:2: ERROR: Expected ")" but found "const"
    at failureErrorWithLog (/home/halp/zoron/node_modules/vite/node_modules/esbuild/lib/main.js:1472:15)
    at /home/halp/zoron/node_modules/vite/node_modules/esbuild/lib/main.js:755:50
    at responseCallbacks.<computed> (/home/halp/zoron/node_modules/vite/node_modules/esbuild/lib/main.js:622:9)
    at handleIncomingPacket (/home/halp/zoron/node_modules/vite/node_modules/esbuild/lib/main.js:677:12)
    at Socket.readFromStdout (/home/halp/zoron/node_modules/vite/node_modules/esbuild/lib/main.js:600:7)
    at Socket.emit (node:events:507:28)
    at addChunk (node:internal/streams/readable:559:12)
    at readableAddChunkPushByteMode (node:internal/streams/readable:510:3)
    at Readable.push (node:internal/streams/readable:390:5)
    at Pipe.onStreamRead (node:internal/stream_base_commons:189:23)
[2025-06-14T21:03:47.253Z] Error: Transform failed with 1 error:
/home/halp/zoron/src/routes/api/home/launch/+server.ts:29:1: ERROR: Expected "]" but found ")"
    at failureErrorWithLog (/home/halp/zoron/node_modules/vite/node_modules/esbuild/lib/main.js:1472:15)
    at /home/halp/zoron/node_modules/vite/node_modules/esbuild/lib/main.js:755:50
    at responseCallbacks.<computed> (/home/halp/zoron/node_modules/vite/node_modules/esbuild/lib/main.js:622:9)
    at handleIncomingPacket (/home/halp/zoron/node_modules/vite/node_modules/esbuild/lib/main.js:677:12)
    at Socket.readFromStdout (/home/halp/zoron/node_modules/vite/node_modules/esbuild/lib/main.js:600:7)
    at Socket.emit (node:events:507:28)
    at addChunk (node:internal/streams/readable:559:12)
    at readableAddChunkPushByteMode (node:internal/streams/readable:510:3)
    at Readable.push (node:internal/streams/readable:390:5)
    at Pipe.onStreamRead (node:internal/stream_base_commons:189:23)
[2025-06-14T21:03:50.851Z] Error: Transform failed with 1 error:
/home/halp/zoron/src/routes/api/home/launch/+server.ts:29:1: ERROR: Expected "]" but found ")"
    at failureErrorWithLog (/home/halp/zoron/node_modules/vite/node_modules/esbuild/lib/main.js:1472:15)
    at /home/halp/zoron/node_modules/vite/node_modules/esbuild/lib/main.js:755:50
    at responseCallbacks.<computed> (/home/halp/zoron/node_modules/vite/node_modules/esbuild/lib/main.js:622:9)
    at handleIncomingPacket (/home/halp/zoron/node_modules/vite/node_modules/esbuild/lib/main.js:677:12)
    at Socket.readFromStdout (/home/halp/zoron/node_modules/vite/node_modules/esbuild/lib/main.js:600:7)
    at Socket.emit (node:events:507:28)
    at addChunk (node:internal/streams/readable:559:12)
    at readableAddChunkPushByteMode (node:internal/streams/readable:510:3)
    at Readable.push (node:internal/streams/readable:390:5)
    at Pipe.onStreamRead (node:internal/stream_base_commons:189:23)
[2025-06-14T21:04:08.788Z] Error: Transform failed with 1 error:
/home/halp/zoron/src/routes/api/home/launch/+server.ts:26:1: ERROR: Expected "=>" but found "]"
    at failureErrorWithLog (/home/halp/zoron/node_modules/vite/node_modules/esbuild/lib/main.js:1472:15)
    at /home/halp/zoron/node_modules/vite/node_modules/esbuild/lib/main.js:755:50
    at responseCallbacks.<computed> (/home/halp/zoron/node_modules/vite/node_modules/esbuild/lib/main.js:622:9)
    at handleIncomingPacket (/home/halp/zoron/node_modules/vite/node_modules/esbuild/lib/main.js:677:12)
    at Socket.readFromStdout (/home/halp/zoron/node_modules/vite/node_modules/esbuild/lib/main.js:600:7)
    at Socket.emit (node:events:507:28)
    at addChunk (node:internal/streams/readable:559:12)
    at readableAddChunkPushByteMode (node:internal/streams/readable:510:3)
    at Readable.push (node:internal/streams/readable:390:5)
    at Pipe.onStreamRead (node:internal/stream_base_commons:189:23)
[2025-06-14T21:04:18.197Z] TypeError: Cannot read properties of null (reading 'classes')
    at _page (/home/halp/zoron/src/routes/home/grades/+page.svelte:32:7)
    at eval (/home/halp/zoron/.svelte-kit/generated/root.svelte:106:9)
    at _layout (/home/halp/zoron/src/routes/home/+layout.svelte:331:24)
    at eval (/home/halp/zoron/.svelte-kit/generated/root.svelte:77:6)
    at _layout (/home/halp/zoron/src/routes/+layout.svelte:68:20)
    at Root (/home/halp/zoron/.svelte-kit/generated/root.svelte:66:3)
    at Module.render (/home/halp/zoron/node_modules/svelte/src/internal/server/index.js:88:2)
    at Function._render [as render] (/home/halp/zoron/node_modules/svelte/src/legacy/legacy-server.js:27:18)
    at Module.render_response (/home/halp/zoron/node_modules/@sveltejs/kit/src/runtime/server/page/render.js:192:29)
    at async Module.render_page (/home/halp/zoron/node_modules/@sveltejs/kit/src/runtime/server/page/index.js:305:10)
[2025-06-14T21:05:28.785Z] ReferenceError: aspenSession is not defined
    at GET (/home/halp/zoron/src/routes/api/home/launch/+server.ts:49:15)
    at process.processTicksAndRejections (node:internal/process/task_queues:105:5)
    at async Module.render_endpoint (/home/halp/zoron/node_modules/@sveltejs/kit/src/runtime/server/endpoint.js:44:20)
    at async resolve (/home/halp/zoron/node_modules/@sveltejs/kit/src/runtime/server/respond.js:494:17)
    at async Object.handle (/home/halp/zoron/src/hooks.server.ts:60:10)
    at async Module.respond (/home/halp/zoron/node_modules/@sveltejs/kit/src/runtime/server/respond.js:363:20)
    at async file:///home/halp/zoron/node_modules/@sveltejs/kit/src/exports/vite/dev/index.js:540:22
[2025-06-14T21:05:31.981Z] ReferenceError: aspenSession is not defined
    at GET (/home/halp/zoron/src/routes/api/home/launch/+server.ts:49:15)
    at process.processTicksAndRejections (node:internal/process/task_queues:105:5)
    at async Module.render_endpoint (/home/halp/zoron/node_modules/@sveltejs/kit/src/runtime/server/endpoint.js:44:20)
    at async resolve (/home/halp/zoron/node_modules/@sveltejs/kit/src/runtime/server/respond.js:494:17)
    at async Object.handle (/home/halp/zoron/src/hooks.server.ts:60:10)
    at async Module.respond (/home/halp/zoron/node_modules/@sveltejs/kit/src/runtime/server/respond.js:363:20)
    at async file:///home/halp/zoron/node_modules/@sveltejs/kit/src/exports/vite/dev/index.js:540:22
[2025-06-14T21:05:34.984Z] ReferenceError: aspenSession is not defined
    at GET (/home/halp/zoron/src/routes/api/home/launch/+server.ts:49:15)
    at process.processTicksAndRejections (node:internal/process/task_queues:105:5)
    at async Module.render_endpoint (/home/halp/zoron/node_modules/@sveltejs/kit/src/runtime/server/endpoint.js:44:20)
    at async resolve (/home/halp/zoron/node_modules/@sveltejs/kit/src/runtime/server/respond.js:494:17)
    at async Object.handle (/home/halp/zoron/src/hooks.server.ts:60:10)
    at async Module.respond (/home/halp/zoron/node_modules/@sveltejs/kit/src/runtime/server/respond.js:363:20)
    at async file:///home/halp/zoron/node_modules/@sveltejs/kit/src/exports/vite/dev/index.js:540:22
[2025-06-14T21:05:39.376Z] ReferenceError: aspenSession is not defined
    at GET (/home/halp/zoron/src/routes/api/home/launch/+server.ts:49:15)
    at process.processTicksAndRejections (node:internal/process/task_queues:105:5)
    at async Module.render_endpoint (/home/halp/zoron/node_modules/@sveltejs/kit/src/runtime/server/endpoint.js:44:20)
    at async resolve (/home/halp/zoron/node_modules/@sveltejs/kit/src/runtime/server/respond.js:494:17)
    at async Object.handle (/home/halp/zoron/src/hooks.server.ts:60:10)
    at async Module.respond (/home/halp/zoron/node_modules/@sveltejs/kit/src/runtime/server/respond.js:363:20)
    at async file:///home/halp/zoron/node_modules/@sveltejs/kit/src/exports/vite/dev/index.js:540:22
[2025-06-14T21:05:54.111Z] ReferenceError: aspenSession is not defined
    at GET (/home/halp/zoron/src/routes/api/home/launch/+server.ts:50:15)
    at process.processTicksAndRejections (node:internal/process/task_queues:105:5)
    at async Module.render_endpoint (/home/halp/zoron/node_modules/@sveltejs/kit/src/runtime/server/endpoint.js:44:20)
    at async resolve (/home/halp/zoron/node_modules/@sveltejs/kit/src/runtime/server/respond.js:494:17)
    at async Object.handle (/home/halp/zoron/src/hooks.server.ts:60:10)
    at async Module.respond (/home/halp/zoron/node_modules/@sveltejs/kit/src/runtime/server/respond.js:363:20)
    at async file:///home/halp/zoron/node_modules/@sveltejs/kit/src/exports/vite/dev/index.js:540:22
[2025-06-14T21:05:58.196Z] TypeError: a is not a function
    at GET (/home/halp/zoron/src/routes/api/home/launch/+server.ts:40:3)
    at process.processTicksAndRejections (node:internal/process/task_queues:105:5)
    at async Module.render_endpoint (/home/halp/zoron/node_modules/@sveltejs/kit/src/runtime/server/endpoint.js:44:20)
    at async resolve (/home/halp/zoron/node_modules/@sveltejs/kit/src/runtime/server/respond.js:494:17)
    at async Object.handle (/home/halp/zoron/src/hooks.server.ts:60:10)
    at async Module.respond (/home/halp/zoron/node_modules/@sveltejs/kit/src/runtime/server/respond.js:363:20)
    at async file:///home/halp/zoron/node_modules/@sveltejs/kit/src/exports/vite/dev/index.js:540:22
[2025-06-14T21:06:02.856Z] ReferenceError: aspenSession is not defined
    at GET (/home/halp/zoron/src/routes/api/home/launch/+server.ts:50:15)
    at process.processTicksAndRejections (node:internal/process/task_queues:105:5)
    at async Module.render_endpoint (/home/halp/zoron/node_modules/@sveltejs/kit/src/runtime/server/endpoint.js:44:20)
    at async resolve (/home/halp/zoron/node_modules/@sveltejs/kit/src/runtime/server/respond.js:494:17)
    at async Object.handle (/home/halp/zoron/src/hooks.server.ts:60:10)
    at async Module.respond (/home/halp/zoron/node_modules/@sveltejs/kit/src/runtime/server/respond.js:363:20)
    at async file:///home/halp/zoron/node_modules/@sveltejs/kit/src/exports/vite/dev/index.js:540:22
[2025-06-14T21:06:10.629Z] ReferenceError: aspenSession is not defined
    at GET (/home/halp/zoron/src/routes/api/home/launch/+server.ts:51:14)
    at process.processTicksAndRejections (node:internal/process/task_queues:105:5)
    at async Module.render_endpoint (/home/halp/zoron/node_modules/@sveltejs/kit/src/runtime/server/endpoint.js:44:20)
    at async resolve (/home/halp/zoron/node_modules/@sveltejs/kit/src/runtime/server/respond.js:494:17)
    at async Object.handle (/home/halp/zoron/src/hooks.server.ts:60:10)
    at async Module.respond (/home/halp/zoron/node_modules/@sveltejs/kit/src/runtime/server/respond.js:363:20)
    at async file:///home/halp/zoron/node_modules/@sveltejs/kit/src/exports/vite/dev/index.js:540:22
[2025-06-14T21:06:22.204Z] ReferenceError: aspenSession is not defined
    at GET (/home/halp/zoron/src/routes/api/home/launch/+server.ts:53:35)
    at process.processTicksAndRejections (node:internal/process/task_queues:105:5)
    at async Module.render_endpoint (/home/halp/zoron/node_modules/@sveltejs/kit/src/runtime/server/endpoint.js:44:20)
    at async resolve (/home/halp/zoron/node_modules/@sveltejs/kit/src/runtime/server/respond.js:494:17)
    at async Object.handle (/home/halp/zoron/src/hooks.server.ts:60:10)
    at async Module.respond (/home/halp/zoron/node_modules/@sveltejs/kit/src/runtime/server/respond.js:363:20)
    at async file:///home/halp/zoron/node_modules/@sveltejs/kit/src/exports/vite/dev/index.js:540:22
[2025-06-14T21:06:33.572Z] Error: Transform failed with 1 error:
/home/halp/zoron/src/routes/api/home/launch/+server.ts:41:21: ERROR: Unexpected ")"
    at failureErrorWithLog (/home/halp/zoron/node_modules/vite/node_modules/esbuild/lib/main.js:1472:15)
    at /home/halp/zoron/node_modules/vite/node_modules/esbuild/lib/main.js:755:50
    at responseCallbacks.<computed> (/home/halp/zoron/node_modules/vite/node_modules/esbuild/lib/main.js:622:9)
    at handleIncomingPacket (/home/halp/zoron/node_modules/vite/node_modules/esbuild/lib/main.js:677:12)
    at Socket.readFromStdout (/home/halp/zoron/node_modules/vite/node_modules/esbuild/lib/main.js:600:7)
    at Socket.emit (node:events:507:28)
    at addChunk (node:internal/streams/readable:559:12)
    at readableAddChunkPushByteMode (node:internal/streams/readable:510:3)
    at Readable.push (node:internal/streams/readable:390:5)
    at Pipe.onStreamRead (node:internal/stream_base_commons:189:23)
[2025-06-14T21:06:35.238Z] Error: Transform failed with 1 error:
/home/halp/zoron/src/routes/api/home/launch/+server.ts:41:20: ERROR: Unexpected ")"
    at failureErrorWithLog (/home/halp/zoron/node_modules/vite/node_modules/esbuild/lib/main.js:1472:15)
    at /home/halp/zoron/node_modules/vite/node_modules/esbuild/lib/main.js:755:50
    at responseCallbacks.<computed> (/home/halp/zoron/node_modules/vite/node_modules/esbuild/lib/main.js:622:9)
    at handleIncomingPacket (/home/halp/zoron/node_modules/vite/node_modules/esbuild/lib/main.js:677:12)
    at Socket.readFromStdout (/home/halp/zoron/node_modules/vite/node_modules/esbuild/lib/main.js:600:7)
    at Socket.emit (node:events:507:28)
    at addChunk (node:internal/streams/readable:559:12)
    at readableAddChunkPushByteMode (node:internal/streams/readable:510:3)
    at Readable.push (node:internal/streams/readable:390:5)
    at Pipe.onStreamRead (node:internal/stream_base_commons:189:23)
[2025-06-14T21:06:39.754Z] Error: Transform failed with 1 error:
/home/halp/zoron/src/routes/api/home/launch/+server.ts:41:21: ERROR: Unexpected ")"
    at failureErrorWithLog (/home/halp/zoron/node_modules/vite/node_modules/esbuild/lib/main.js:1472:15)
    at /home/halp/zoron/node_modules/vite/node_modules/esbuild/lib/main.js:755:50
    at responseCallbacks.<computed> (/home/halp/zoron/node_modules/vite/node_modules/esbuild/lib/main.js:622:9)
    at handleIncomingPacket (/home/halp/zoron/node_modules/vite/node_modules/esbuild/lib/main.js:677:12)
    at Socket.readFromStdout (/home/halp/zoron/node_modules/vite/node_modules/esbuild/lib/main.js:600:7)
    at Socket.emit (node:events:507:28)
    at addChunk (node:internal/streams/readable:559:12)
    at readableAddChunkPushByteMode (node:internal/streams/readable:510:3)
    at Readable.push (node:internal/streams/readable:390:5)
    at Pipe.onStreamRead (node:internal/stream_base_commons:189:23)
[2025-06-14T21:06:44.714Z] ReferenceError: aspenSession is not defined
    at GET (/home/halp/zoron/src/routes/api/home/launch/+server.ts:54:35)
    at process.processTicksAndRejections (node:internal/process/task_queues:105:5)
    at async Module.render_endpoint (/home/halp/zoron/node_modules/@sveltejs/kit/src/runtime/server/endpoint.js:44:20)
    at async resolve (/home/halp/zoron/node_modules/@sveltejs/kit/src/runtime/server/respond.js:494:17)
    at async Object.handle (/home/halp/zoron/src/hooks.server.ts:60:10)
    at async Module.respond (/home/halp/zoron/node_modules/@sveltejs/kit/src/runtime/server/respond.js:363:20)
    at async file:///home/halp/zoron/node_modules/@sveltejs/kit/src/exports/vite/dev/index.js:540:22
[2025-06-14T21:06:48.553Z] ReferenceError: cooki is not defined
    at eval (/home/halp/zoron/src/routes/api/home/launch/+server.ts:37:62)
    at process.processTicksAndRejections (node:internal/process/task_queues:105:5)
    at async Promise.all (index 2)
    at async GET (/home/halp/zoron/src/routes/api/home/launch/+server.ts:27:16)
    at async Module.render_endpoint (/home/halp/zoron/node_modules/@sveltejs/kit/src/runtime/server/endpoint.js:44:20)
    at async resolve (/home/halp/zoron/node_modules/@sveltejs/kit/src/runtime/server/respond.js:494:17)
    at async Object.handle (/home/halp/zoron/src/hooks.server.ts:60:10)
    at async Module.respond (/home/halp/zoron/node_modules/@sveltejs/kit/src/runtime/server/respond.js:363:20)
    at async file:///home/halp/zoron/node_modules/@sveltejs/kit/src/exports/vite/dev/index.js:540:22
[2025-06-14T21:07:00.490Z] Error: Transform failed with 1 error:
/home/halp/zoron/src/routes/api/home/launch/+server.ts:41:72: ERROR: Expected "]" but found ";"
    at failureErrorWithLog (/home/halp/zoron/node_modules/vite/node_modules/esbuild/lib/main.js:1472:15)
    at /home/halp/zoron/node_modules/vite/node_modules/esbuild/lib/main.js:755:50
    at responseCallbacks.<computed> (/home/halp/zoron/node_modules/vite/node_modules/esbuild/lib/main.js:622:9)
    at handleIncomingPacket (/home/halp/zoron/node_modules/vite/node_modules/esbuild/lib/main.js:677:12)
    at Socket.readFromStdout (/home/halp/zoron/node_modules/vite/node_modules/esbuild/lib/main.js:600:7)
    at Socket.emit (node:events:507:28)
    at addChunk (node:internal/streams/readable:559:12)
    at readableAddChunkPushByteMode (node:internal/streams/readable:510:3)
    at Readable.push (node:internal/streams/readable:390:5)
    at Pipe.onStreamRead (node:internal/stream_base_commons:189:23)
[2025-06-14T21:07:03.566Z] ReferenceError: aspenSession is not defined
    at GET (/home/halp/zoron/src/routes/api/home/launch/+server.ts:55:35)
    at process.processTicksAndRejections (node:internal/process/task_queues:105:5)
    at async Module.render_endpoint (/home/halp/zoron/node_modules/@sveltejs/kit/src/runtime/server/endpoint.js:44:20)
    at async resolve (/home/halp/zoron/node_modules/@sveltejs/kit/src/runtime/server/respond.js:494:17)
    at async Object.handle (/home/halp/zoron/src/hooks.server.ts:60:10)
    at async Module.respond (/home/halp/zoron/node_modules/@sveltejs/kit/src/runtime/server/respond.js:363:20)
    at async file:///home/halp/zoron/node_modules/@sveltejs/kit/src/exports/vite/dev/index.js:540:22
[2025-06-14T21:07:07.517Z] ReferenceError: aspenSession is not defined
    at GET (/home/halp/zoron/src/routes/api/home/launch/+server.ts:50:57)
    at process.processTicksAndRejections (node:internal/process/task_queues:105:5)
    at async Module.render_endpoint (/home/halp/zoron/node_modules/@sveltejs/kit/src/runtime/server/endpoint.js:44:20)
    at async resolve (/home/halp/zoron/node_modules/@sveltejs/kit/src/runtime/server/respond.js:494:17)
    at async Object.handle (/home/halp/zoron/src/hooks.server.ts:60:10)
    at async Module.respond (/home/halp/zoron/node_modules/@sveltejs/kit/src/runtime/server/respond.js:363:20)
    at async file:///home/halp/zoron/node_modules/@sveltejs/kit/src/exports/vite/dev/index.js:540:22
[2025-06-14T21:07:15.273Z] TypeError: Cannot read properties of null (reading 'classes')
    at _page (/home/halp/zoron/src/routes/home/grades/+page.svelte:32:7)
    at eval (/home/halp/zoron/.svelte-kit/generated/root.svelte:106:9)
    at _layout (/home/halp/zoron/src/routes/home/+layout.svelte:331:24)
    at eval (/home/halp/zoron/.svelte-kit/generated/root.svelte:77:6)
    at _layout (/home/halp/zoron/src/routes/+layout.svelte:68:20)
    at Root (/home/halp/zoron/.svelte-kit/generated/root.svelte:66:3)
    at Module.render (/home/halp/zoron/node_modules/svelte/src/internal/server/index.js:88:2)
    at Function._render [as render] (/home/halp/zoron/node_modules/svelte/src/legacy/legacy-server.js:27:18)
    at Module.render_response (/home/halp/zoron/node_modules/@sveltejs/kit/src/runtime/server/page/render.js:192:29)
    at process.processTicksAndRejections (node:internal/process/task_queues:105:5)
[2025-08-02T02:03:10.877Z] Error: Failed to load url /src/lib/aspen/crypt.ts (resolved id: /home/halp/zoron/lite/src/lib/aspen/crypt.ts) in /home/halp/zoron/lite/src/lib/aspen/index.ts. Does the file exist?
    at loadAndTransform (file:///home/halp/zoron/lite/node_modules/vite/dist/node/chunks/dep-C6uTJdX2.js:51968:17)
    at async instantiateModule (file:///home/halp/zoron/lite/node_modules/vite/dist/node/chunks/dep-C6uTJdX2.js:52922:44)
[2025-08-02T02:03:22.487Z] Error: Failed to load url /src/lib/aspen/crypt.ts (resolved id: /home/halp/zoron/lite/src/lib/aspen/crypt.ts) in /home/halp/zoron/lite/src/lib/aspen/index.ts. Does the file exist?
    at loadAndTransform (file:///home/halp/zoron/lite/node_modules/vite/dist/node/chunks/dep-C6uTJdX2.js:51968:17)
    at async instantiateModule (file:///home/halp/zoron/lite/node_modules/vite/dist/node/chunks/dep-C6uTJdX2.js:52922:44)
[2025-08-02T02:03:33.964Z] ReferenceError: _encrypt is not defined
    at /home/halp/zoron/lite/src/lib/aspen/index.ts:118:26
    at /home/halp/zoron/lite/src/lib/aspen/index.ts:1554:20
    at async instantiateModule (file:///home/halp/zoron/lite/node_modules/vite/dist/node/chunks/dep-C6uTJdX2.js:53020:5)
[2025-08-02T02:03:38.055Z] ReferenceError: _encrypt is not defined
    at /home/halp/zoron/lite/src/lib/aspen/index.ts:118:26
    at /home/halp/zoron/lite/src/lib/aspen/index.ts:1554:20
    at async instantiateModule (file:///home/halp/zoron/lite/node_modules/vite/dist/node/chunks/dep-C6uTJdX2.js:53020:5)
[2025-08-02T02:03:39.771Z] ReferenceError: _encrypt is not defined
    at /home/halp/zoron/lite/src/lib/aspen/index.ts:117:26
    at /home/halp/zoron/lite/src/lib/aspen/index.ts:1553:20
    at async instantiateModule (file:///home/halp/zoron/lite/node_modules/vite/dist/node/chunks/dep-C6uTJdX2.js:53020:5)
[2025-08-02T02:03:41.600Z] ReferenceError: _encrypt is not defined
    at /home/halp/zoron/lite/src/lib/aspen/index.ts:116:26
    at /home/halp/zoron/lite/src/lib/aspen/index.ts:1552:20
    at async instantiateModule (file:///home/halp/zoron/lite/node_modules/vite/dist/node/chunks/dep-C6uTJdX2.js:53020:5)
[2025-08-02T02:06:03.148Z] ReferenceError: _encrypt is not defined
    at /home/halp/zoron/lite/src/lib/aspen/index.ts:37:26
    at /home/halp/zoron/lite/src/lib/aspen/index.ts:1473:20
    at async instantiateModule (file:///home/halp/zoron/lite/node_modules/vite/dist/node/chunks/dep-C6uTJdX2.js:53020:5)
[2025-08-02T16:32:26.093Z] ReferenceError: zoron is not defined
    at Module.BubbleButton [as default] (/home/halp/zoron/lite/src/lib/components/BubbleButton.svelte:17:11)
    at _page (/home/halp/zoron/lite/src/routes/+page.svelte:44:31)
    at eval (/home/halp/zoron/lite/.svelte-kit/generated/root.svelte:129:6)
    at _layout (/home/halp/zoron/lite/src/routes/+layout.svelte:68:20)
    at Root (/home/halp/zoron/lite/.svelte-kit/generated/root.svelte:65:3)
    at Module.render (/home/halp/zoron/lite/node_modules/svelte/src/internal/server/index.js:90:3)
    at Function._render [as render] (/home/halp/zoron/lite/node_modules/svelte/src/legacy/legacy-server.js:27:18)
    at /home/halp/zoron/lite/node_modules/@sveltejs/kit/src/runtime/server/page/render.js:194:53
    at AsyncLocalStorage.run (node:internal/async_local_storage/async_hooks:91:14)
    at Module.with_event (/home/halp/zoron/lite/node_modules/@sveltejs/kit/src/runtime/app/server/event.js:49:20)
[2025-08-02T16:35:41.729Z] Error: Failed to load url /src/lib/components/BubbleButton.svelte (resolved id: /home/halp/zoron/lite/src/lib/components/BubbleButton.svelte) in /home/halp/zoron/lite/src/routes/+page.svelte. Does the file exist?
    at loadAndTransform (file:///home/halp/zoron/lite/node_modules/vite/dist/node/chunks/dep-C6uTJdX2.js:51968:17)
    at async instantiateModule (file:///home/halp/zoron/lite/node_modules/vite/dist/node/chunks/dep-C6uTJdX2.js:52922:44)
