[2025-08-10T17:23:54.156Z] Error: Failed to get transcript page: 500 (Internal Server Error)
    at aspen2.transcript (/home/halp/zoron/common/lib/aspen/index.ts:1410:13)
    at process.processTicksAndRejections (node:internal/process/task_queues:105:5)
    at async Promise.all (index 4)
    at async GET (/home/halp/zoron/main/src/routes/api/home/launch/+server.ts:23:16)
    at async Module.render_endpoint (/home/halp/zoron/main/node_modules/@sveltejs/kit/src/runtime/server/endpoint.js:44:20)
    at async resolve (/home/halp/zoron/main/node_modules/@sveltejs/kit/src/runtime/server/respond.js:517:17)
    at async Object.handle (/home/halp/zoron/main/src/hooks.server.ts:69:10)
    at async Module.respond (/home/halp/zoron/main/node_modules/@sveltejs/kit/src/runtime/server/respond.js:382:20)
    at async file:///home/halp/zoron/main/node_modules/@sveltejs/kit/src/exports/vite/dev/index.js:551:22
[2025-08-10T20:13:25.133Z] Error: Failed to get classes: 500
    at /home/halp/zoron/common/lib/aspen/index.ts:572:21
    at process.processTicksAndRejections (node:internal/process/task_queues:105:5)
    at async aspen2.classes (/home/halp/zoron/common/lib/aspen/index.ts:543:11)
    at async Promise.all (index 2)
    at async GET (/home/halp/zoron/pro/src/routes/api/home/launch/+server.ts:23:16)
    at async Module.render_endpoint (/home/halp/zoron/pro/node_modules/@sveltejs/kit/src/runtime/server/endpoint.js:44:20)
    at async resolve (/home/halp/zoron/pro/node_modules/@sveltejs/kit/src/runtime/server/respond.js:517:17)
    at async Object.handle (/home/halp/zoron/pro/src/hooks.server.ts:69:10)
    at async Module.respond (/home/halp/zoron/pro/node_modules/@sveltejs/kit/src/runtime/server/respond.js:382:20)
    at async file:///home/halp/zoron/pro/node_modules/@sveltejs/kit/src/exports/vite/dev/index.js:551:22
[2025-08-10T20:13:37.002Z] Error: Failed to get classes: 500
    at /home/halp/zoron/common/lib/aspen/index.ts:572:21
    at process.processTicksAndRejections (node:internal/process/task_queues:105:5)
    at async aspen2.classes (/home/halp/zoron/common/lib/aspen/index.ts:543:11)
    at async Promise.all (index 2)
    at async GET (/home/halp/zoron/pro/src/routes/api/home/launch/+server.ts:23:16)
    at async Module.render_endpoint (/home/halp/zoron/pro/node_modules/@sveltejs/kit/src/runtime/server/endpoint.js:44:20)
    at async resolve (/home/halp/zoron/pro/node_modules/@sveltejs/kit/src/runtime/server/respond.js:517:17)
    at async Object.handle (/home/halp/zoron/pro/src/hooks.server.ts:69:10)
    at async Module.respond (/home/halp/zoron/pro/node_modules/@sveltejs/kit/src/runtime/server/respond.js:382:20)
    at async file:///home/halp/zoron/pro/node_modules/@sveltejs/kit/src/exports/vite/dev/index.js:551:22
[2025-08-10T20:14:16.579Z] Error: Failed to get transcript page: 500 (Internal Server Error)
    at aspen2.transcript (/home/halp/zoron/common/lib/aspen/index.ts:1410:13)
    at process.processTicksAndRejections (node:internal/process/task_queues:105:5)
    at async Promise.all (index 4)
    at async GET (/home/halp/zoron/pro/src/routes/api/home/launch/+server.ts:23:16)
    at async Module.render_endpoint (/home/halp/zoron/pro/node_modules/@sveltejs/kit/src/runtime/server/endpoint.js:44:20)
    at async resolve (/home/halp/zoron/pro/node_modules/@sveltejs/kit/src/runtime/server/respond.js:517:17)
    at async Object.handle (/home/halp/zoron/pro/src/hooks.server.ts:69:10)
    at async Module.respond (/home/halp/zoron/pro/node_modules/@sveltejs/kit/src/runtime/server/respond.js:382:20)
    at async file:///home/halp/zoron/pro/node_modules/@sveltejs/kit/src/exports/vite/dev/index.js:551:22
